Archive member included to satisfy reference by file (symbol)

/opt/st/stm32cubeide_1.10.1/plugins/com.st.stm32cube.ide.mcu.externaltools.gnu-tools-for-stm32.10.3-2021.10.linux64_1.0.0.202111181127/tools/bin/../lib/gcc/arm-none-eabi/10.3.1/../../../../arm-none-eabi/lib/thumb/v7e-m+dp/hard/libstdc++_nano.a(allocator-inst.o)
                              ./Core/Src/Xicro_sub_N_pub_ID_3.o (std::allocator<char>::allocator())
/opt/st/stm32cubeide_1.10.1/plugins/com.st.stm32cube.ide.mcu.externaltools.gnu-tools-for-stm32.10.3-2021.10.linux64_1.0.0.202111181127/tools/bin/../lib/gcc/arm-none-eabi/10.3.1/../../../../arm-none-eabi/lib/thumb/v7e-m+dp/hard/libstdc++_nano.a(string-inst.o)
                              ./Core/Src/Xicro_sub_N_pub_ID_3.o (std::__cxx11::basic_string<char, std::char_traits<char>, std::allocator<char> >::~basic_string())
/opt/st/stm32cubeide_1.10.1/plugins/com.st.stm32cube.ide.mcu.externaltools.gnu-tools-for-stm32.10.3-2021.10.linux64_1.0.0.202111181127/tools/bin/../lib/gcc/arm-none-eabi/10.3.1/../../../../arm-none-eabi/lib/thumb/v7e-m+dp/hard/libstdc++_nano.a(del_op.o)
                              /opt/st/stm32cubeide_1.10.1/plugins/com.st.stm32cube.ide.mcu.externaltools.gnu-tools-for-stm32.10.3-2021.10.linux64_1.0.0.202111181127/tools/bin/../lib/gcc/arm-none-eabi/10.3.1/../../../../arm-none-eabi/lib/thumb/v7e-m+dp/hard/libstdc++_nano.a(string-inst.o) (operator delete(void*))
/opt/st/stm32cubeide_1.10.1/plugins/com.st.stm32cube.ide.mcu.externaltools.gnu-tools-for-stm32.10.3-2021.10.linux64_1.0.0.202111181127/tools/bin/../lib/gcc/arm-none-eabi/10.3.1/../../../../arm-none-eabi/lib/thumb/v7e-m+dp/hard/libstdc++_nano.a(new_op.o)
                              /opt/st/stm32cubeide_1.10.1/plugins/com.st.stm32cube.ide.mcu.externaltools.gnu-tools-for-stm32.10.3-2021.10.linux64_1.0.0.202111181127/tools/bin/../lib/gcc/arm-none-eabi/10.3.1/../../../../arm-none-eabi/lib/thumb/v7e-m+dp/hard/libstdc++_nano.a(string-inst.o) (operator new(unsigned int))
/opt/st/stm32cubeide_1.10.1/plugins/com.st.stm32cube.ide.mcu.externaltools.gnu-tools-for-stm32.10.3-2021.10.linux64_1.0.0.202111181127/tools/bin/../lib/gcc/arm-none-eabi/10.3.1/../../../../arm-none-eabi/lib/thumb/v7e-m+dp/hard/libstdc++_nano.a(functexcept.o)
                              /opt/st/stm32cubeide_1.10.1/plugins/com.st.stm32cube.ide.mcu.externaltools.gnu-tools-for-stm32.10.3-2021.10.linux64_1.0.0.202111181127/tools/bin/../lib/gcc/arm-none-eabi/10.3.1/../../../../arm-none-eabi/lib/thumb/v7e-m+dp/hard/libstdc++_nano.a(string-inst.o) (std::__throw_bad_alloc())
/opt/st/stm32cubeide_1.10.1/plugins/com.st.stm32cube.ide.mcu.externaltools.gnu-tools-for-stm32.10.3-2021.10.linux64_1.0.0.202111181127/tools/bin/../lib/gcc/arm-none-eabi/10.3.1/../../../../arm-none-eabi/lib/thumb/v7e-m+dp/hard/libstdc++_nano.a(snprintf_lite.o)
                              /opt/st/stm32cubeide_1.10.1/plugins/com.st.stm32cube.ide.mcu.externaltools.gnu-tools-for-stm32.10.3-2021.10.linux64_1.0.0.202111181127/tools/bin/../lib/gcc/arm-none-eabi/10.3.1/../../../../arm-none-eabi/lib/thumb/v7e-m+dp/hard/libstdc++_nano.a(functexcept.o) (__gnu_cxx::__snprintf_lite(char*, unsigned int, char const*, std::__va_list))
/opt/st/stm32cubeide_1.10.1/plugins/com.st.stm32cube.ide.mcu.externaltools.gnu-tools-for-stm32.10.3-2021.10.linux64_1.0.0.202111181127/tools/bin/../lib/gcc/arm-none-eabi/10.3.1/../../../../arm-none-eabi/lib/thumb/v7e-m+dp/hard/libstdc++_nano.a(new_handler.o)
                              /opt/st/stm32cubeide_1.10.1/plugins/com.st.stm32cube.ide.mcu.externaltools.gnu-tools-for-stm32.10.3-2021.10.linux64_1.0.0.202111181127/tools/bin/../lib/gcc/arm-none-eabi/10.3.1/../../../../arm-none-eabi/lib/thumb/v7e-m+dp/hard/libstdc++_nano.a(new_op.o) (std::get_new_handler())
/opt/st/stm32cubeide_1.10.1/plugins/com.st.stm32cube.ide.mcu.externaltools.gnu-tools-for-stm32.10.3-2021.10.linux64_1.0.0.202111181127/tools/bin/../lib/gcc/arm-none-eabi/10.3.1/../../../../arm-none-eabi/lib/thumb/v7e-m+dp/hard/libm.a(lib_a-s_ceil.o)
                              ./Core/Src/Xicro_sub_N_pub_ID_3.o (ceil)
/opt/st/stm32cubeide_1.10.1/plugins/com.st.stm32cube.ide.mcu.externaltools.gnu-tools-for-stm32.10.3-2021.10.linux64_1.0.0.202111181127/tools/bin/../lib/gcc/arm-none-eabi/10.3.1/../../../../arm-none-eabi/lib/thumb/v7e-m+dp/hard/libc_nano.a(lib_a-abort.o)
                              /opt/st/stm32cubeide_1.10.1/plugins/com.st.stm32cube.ide.mcu.externaltools.gnu-tools-for-stm32.10.3-2021.10.linux64_1.0.0.202111181127/tools/bin/../lib/gcc/arm-none-eabi/10.3.1/../../../../arm-none-eabi/lib/thumb/v7e-m+dp/hard/libstdc++_nano.a(new_op.o) (abort)
/opt/st/stm32cubeide_1.10.1/plugins/com.st.stm32cube.ide.mcu.externaltools.gnu-tools-for-stm32.10.3-2021.10.linux64_1.0.0.202111181127/tools/bin/../lib/gcc/arm-none-eabi/10.3.1/../../../../arm-none-eabi/lib/thumb/v7e-m+dp/hard/libc_nano.a(lib_a-errno.o)
                              ./Core/Src/syscalls.o (__errno)
[...]
Memory Configuration

Name             Origin             Length             Attributes
RAM_D1           0x0000000024000000 0x0000000000080000 xrw
FLASH            0x0000000008000000 0x0000000000100000 xr
DTCMRAM          0x0000000020000000 0x0000000000020000 xrw
RAM_D2           0x0000000030000000 0x0000000000048000 xrw
RAM_D3           0x0000000038000000 0x0000000000010000 xrw
ITCMRAM          0x0000000000000000 0x0000000000010000 xrw
*default*        0x0000000000000000 0xffffffffffffffff

Linker script and memory map

LOAD /opt/st/stm32cubeide_1.10.1/plugins/com.st.stm32cube.ide.mcu.externaltools.gnu-tools-for-stm32.10.3-2021.10.linux64_1.0.0.202111181127/tools/bin/../lib/gcc/arm-none-eabi/10.3.1/thumb/v7e-m+dp/hard/crti.o
LOAD /opt/st/stm32cubeide_1.10.1/plugins/com.st.stm32cube.ide.mcu.externaltools.gnu-tools-for-stm32.10.3-2021.10.linux64_1.0.0.202111181127/tools/bin/../lib/gcc/arm-none-eabi/10.3.1/thumb/v7e-m+dp/hard/crtbegin.o
LOAD /opt/st/stm32cubeide_1.10.1/plugins/com.st.stm32cube.ide.mcu.externaltools.gnu-tools-for-stm32.10.3-2021.10.linux64_1.0.0.202111181127/tools/bin/../lib/gcc/arm-none-eabi/10.3.1/../../../../arm-none-eabi/lib/thumb/v7e-m+dp/hard/crt0.o
LOAD ./Common/Src/system_stm32h7xx_dualcore_boot_cm4_cm7.o
LOAD ./Core/Src/Xicro_sub_N_pub_ID_3.o
LOAD ./Core/Src/bno055.o
LOAD ./Core/Src/dma.o
LOAD ./Core/Src/eth.o
LOAD ./Core/Src/gpio.o
LOAD ./Core/Src/i2c.o
LOAD ./Core/Src/main.o
LOAD ./Core/Src/stm32h7xx_hal_msp.o
LOAD ./Core/Src/stm32h7xx_it.o
LOAD ./Core/Src/syscalls.o
LOAD ./Core/Src/sysmem.o
LOAD ./Core/Src/tim.o
LOAD ./Core/Src/usart.o
LOAD ./Core/Src/usb_otg.o
LOAD ./Core/Startup/startup_stm32h745zitx.o
LOAD ./Drivers/STM32H7xx_HAL_Driver/stm32h7xx_hal.o
LOAD ./Drivers/STM32H7xx_HAL_Driver/stm32h7xx_hal_cortex.o
LOAD ./Drivers/STM32H7xx_HAL_Driver/stm32h7xx_hal_dma.o
LOAD ./Drivers/STM32H7xx_HAL_Driver/stm32h7xx_hal_dma_ex.o
LOAD ./Drivers/STM32H7xx_HAL_Driver/stm32h7xx_hal_eth.o
LOAD ./Drivers/STM32H7xx_HAL_Driver/stm32h7xx_hal_eth_ex.o
LOAD ./Drivers/STM32H7xx_HAL_Driver/stm32h7xx_hal_exti.o
LOAD ./Drivers/STM32H7xx_HAL_Driver/stm32h7xx_hal_flash.o
LOAD ./Drivers/STM32H7xx_HAL_Driver/stm32h7xx_hal_flash_ex.o
LOAD ./Drivers/STM32H7xx_HAL_Driver/stm32h7xx_hal_gpio.o
LOAD ./Drivers/STM32H7xx_HAL_Driver/stm32h7xx_hal_hsem.o
LOAD ./Drivers/STM32H7xx_HAL_Driver/stm32h7xx_hal_i2c.o
LOAD ./Drivers/STM32H7xx_HAL_Driver/stm32h7xx_hal_i2c_ex.o
LOAD ./Drivers/STM32H7xx_HAL_Driver/stm32h7xx_hal_mdma.o
LOAD ./Drivers/STM32H7xx_HAL_Driver/stm32h7xx_hal_pcd.o
LOAD ./Drivers/STM32H7xx_HAL_Driver/stm32h7xx_hal_pcd_ex.o
LOAD ./Drivers/STM32H7xx_HAL_Driver/stm32h7xx_hal_pwr.o
LOAD ./Drivers/STM32H7xx_HAL_Driver/stm32h7xx_hal_pwr_ex.o
LOAD ./Drivers/STM32H7xx_HAL_Driver/stm32h7xx_hal_rcc.o
LOAD ./Drivers/STM32H7xx_HAL_Driver/stm32h7xx_hal_rcc_ex.o
LOAD ./Drivers/STM32H7xx_HAL_Driver/stm32h7xx_hal_tim.o
LOAD ./Drivers/STM32H7xx_HAL_Driver/stm32h7xx_hal_tim_ex.o
LOAD ./Drivers/STM32H7xx_HAL_Driver/stm32h7xx_hal_uart.o
LOAD ./Drivers/STM32H7xx_HAL_Driver/stm32h7xx_hal_uart_ex.o
LOAD ./Drivers/STM32H7xx_HAL_Driver/stm32h7xx_ll_usb.o
START GROUP
LOAD /opt/st/stm32cubeide_1.10.1/plugins/com.st.stm32cube.ide.mcu.externaltools.gnu-tools-for-stm32.10.3-2021.10.linux64_1.0.0.202111181127/tools/bin/../lib/gcc/arm-none-eabi/10.3.1/../../../../arm-none-eabi/lib/thumb/v7e-m+dp/hard/libstdc++_nano.a
LOAD /opt/st/stm32cubeide_1.10.1/plugins/com.st.stm32cube.ide.mcu.externaltools.gnu-tools-for-stm32.10.3-2021.10.linux64_1.0.0.202111181127/tools/bin/../lib/gcc/arm-none-eabi/10.3.1/../../../../arm-none-eabi/lib/thumb/v7e-m+dp/hard/libsupc++_nano.a
END GROUP
LOAD /opt/st/stm32cubeide_1.10.1/plugins/com.st.stm32cube.ide.mcu.externaltools.gnu-tools-for-stm32.10.3-2021.10.linux64_1.0.0.202111181127/tools/bin/../lib/gcc/arm-none-eabi/10.3.1/../../../../arm-none-eabi/lib/thumb/v7e-m+dp/hard/libstdc++_nano.a
LOAD /opt/st/stm32cubeide_1.10.1/plugins/com.st.stm32cube.ide.mcu.externaltools.gnu-tools-for-stm32.10.3-2021.10.linux64_1.0.0.202111181127/tools/bin/../lib/gcc/arm-none-eabi/10.3.1/../../../../arm-none-eabi/lib/thumb/v7e-m+dp/hard/libm.a
LOAD /opt/st/stm32cubeide_1.10.1/plugins/com.st.stm32cube.ide.mcu.externaltools.gnu-tools-for-stm32.10.3-2021.10.linux64_1.0.0.202111181127/tools/bin/../lib/gcc/arm-none-eabi/10.3.1/../../../../arm-none-eabi/lib/thumb/v7e-m+dp/hard/libc_nano.a
START GROUP
LOAD /opt/st/stm32cubeide_1.10.1/plugins/com.st.stm32cube.ide.mcu.externaltools.gnu-tools-for-stm32.10.3-2021.10.linux64_1.0.0.202111181127/tools/bin/../lib/gcc/arm-none-eabi/10.3.1/thumb/v7e-m+dp/hard/libgcc.a
LOAD /opt/st/stm32cubeide_1.10.1/plugins/com.st.stm32cube.ide.mcu.externaltools.gnu-tools-for-stm32.10.3-2021.10.linux64_1.0.0.202111181127/tools/bin/../lib/gcc/arm-none-eabi/10.3.1/../../../../arm-none-eabi/lib/thumb/v7e-m+dp/hard/libc_nano.a
END GROUP
START GROUP
LOAD /opt/st/stm32cubeide_1.10.1/plugins/com.st.stm32cube.ide.mcu.externaltools.gnu-tools-for-stm32.10.3-2021.10.linux64_1.0.0.202111181127/tools/bin/../lib/gcc/arm-none-eabi/10.3.1/thumb/v7e-m+dp/hard/libgcc.a
LOAD /opt/st/stm32cubeide_1.10.1/plugins/com.st.stm32cube.ide.mcu.externaltools.gnu-tools-for-stm32.10.3-2021.10.linux64_1.0.0.202111181127/tools/bin/../lib/gcc/arm-none-eabi/10.3.1/../../../../arm-none-eabi/lib/thumb/v7e-m+dp/hard/libc_nano.a
LOAD /opt/st/stm32cubeide_1.10.1/plugins/com.st.stm32cube.ide.mcu.externaltools.gnu-tools-for-stm32.10.3-2021.10.linux64_1.0.0.202111181127/tools/bin/../lib/gcc/arm-none-eabi/10.3.1/../../../../arm-none-eabi/lib/thumb/v7e-m+dp/hard/libnosys.a
END GROUP
START GROUP
LOAD /opt/st/stm32cubeide_1.10.1/plugins/com.st.stm32cube.ide.mcu.externaltools.gnu-tools-for-stm32.10.3-2021.10.linux64_1.0.0.202111181127/tools/bin/../lib/gcc/arm-none-eabi/10.3.1/thumb/v7e-m+dp/hard/libgcc.a
LOAD /opt/st/stm32cubeide_1.10.1/plugins/com.st.stm32cube.ide.mcu.externaltools.gnu-tools-for-stm32.10.3-2021.10.linux64_1.0.0.202111181127/tools/bin/../lib/gcc/arm-none-eabi/10.3.1/../../../../arm-none-eabi/lib/thumb/v7e-m+dp/hard/libc_nano.a
LOAD /opt/st/stm32cubeide_1.10.1/plugins/com.st.stm32cube.ide.mcu.externaltools.gnu-tools-for-stm32.10.3-2021.10.linux64_1.0.0.202111181127/tools/bin/../lib/gcc/arm-none-eabi/10.3.1/../../../../arm-none-eabi/lib/thumb/v7e-m+dp/hard/libnosys.a
END GROUP
LOAD /opt/st/stm32cubeide_1.10.1/plugins/com.st.stm32cube.ide.mcu.externaltools.gnu-tools-for-stm32.10.3-2021.10.linux64_1.0.0.202111181127/tools/bin/../lib/gcc/arm-none-eabi/10.3.1/thumb/v7e-m+dp/hard/crtend.o
LOAD /opt/st/stm32cubeide_1.10.1/plugins/com.st.stm32cube.ide.mcu.externaltools.gnu-tools-for-stm32.10.3-2021.10.linux64_1.0.0.202111181127/tools/bin/../lib/gcc/arm-none-eabi/10.3.1/thumb/v7e-m+dp/hard/crtn.o
                0x0000000024080000                _estack = (ORIGIN (RAM_D1) + LENGTH (RAM_D1))
                0x0000000000000200                _Min_Heap_Size = 0x200
                0x0000000000000400                _Min_Stack_Size = 0x400

.isr_vector     0x0000000008000000      0x298
                0x0000000008000000                . = ALIGN (0x4)
 *(.isr_vector)
 .isr_vector    0x0000000008000000      0x298 ./Core/Startup/startup_stm32h745zitx.o
                0x0000000008000000                g_pfnVectors
                0x0000000008000298                . = ALIGN (0x4)

.text           0x00000000080002a0    0x12584
                0x00000000080002a0                . = ALIGN (0x4)
 *(.text)
 .text          0x00000000080002a0       0x40 /opt/st/stm32cubeide_1.10.1/plugins/com.st.stm32cube.ide.mcu.externaltools.gnu-tools-for-stm32.10.3-2021.10.linux64_1.0.0.202111181127/tools/bin/../lib/gcc/arm-none-eabi/10.3.1/thumb/v7e-m+dp/hard/crtbegin.o
 .text          0x00000000080002e0       0xa0 /opt/st/stm32cubeide_1.10.1/plugins/com.st.stm32cube.ide.mcu.externaltools.gnu-tools-for-stm32.10.3-2021.10.linux64_1.0.0.202111181127/tools/bin/../lib/gcc/arm-none-eabi/10.3.1/../../../../arm-none-eabi/lib/thumb/v7e-m+dp/hard/libc_nano.a(lib_a-memchr.o)
                0x00000000080002e0                memchr
 .text          0x0000000008000380       0x10 /opt/st/stm32cubeide_1.10.1/plugins/com.st.stm32cube.ide.mcu.externaltools.gnu-tools-for-stm32.10.3-2021.10.linux64_1.0.0.202111181127/tools/bin/../lib/gcc/arm-none-eabi/10.3.1/../../../../arm-none-eabi/lib/thumb/v7e-m+dp/hard/libc_nano.a(lib_a-strlen.o)
                0x0000000008000380                strlen
 .text          0x0000000008000390       0x30 /opt/st/stm32cubeide_1.10.1/plugins/com.st.stm32cube.ide.mcu.externaltools.gnu-tools-for-stm32.10.3-2021.10.linux64_1.0.0.202111181127/tools/bin/../lib/gcc/arm-none-eabi/10.3.1/thumb/v7e-m+dp/hard/libgcc.a(_aeabi_uldivmod.o)
                0x0000000008000390                __aeabi_uldivmod
 .text          0x00000000080003c0      0x2d0 /opt/st/stm32cubeide_1.10.1/plugins/com.st.stm32cube.ide.mcu.externaltools.gnu-tools-for-stm32.10.3-2021.10.linux64_1.0.0.202111181127/tools/bin/../lib/gcc/arm-none-eabi/10.3.1/thumb/v7e-m+dp/hard/libgcc.a(_udivmoddi4.o)
                0x00000000080003c0                __udivmoddi4
 .text          0x0000000008000690        0x4 /opt/st/stm32cubeide_1.10.1/plugins/com.st.stm32cube.ide.mcu.externaltools.gnu-tools-for-stm32.10.3-2021.10.linux64_1.0.0.202111181127/tools/bin/../lib/gcc/arm-none-eabi/10.3.1/thumb/v7e-m+dp/hard/libgcc.a(_dvmd_tls.o)
                0x0000000008000690                __aeabi_ldiv0
                0x0000000008000690                __aeabi_idiv0
 *(.text*)
 .text.SystemInit
                0x0000000008000694      0x12c ./Common/Src/system_stm32h7xx_dualcore_boot_cm4_cm7.o
                0x0000000008000694                SystemInit
 .text._ZN5XicroUt_Ut_Ut_C2Ev
                0x00000000080007c0       0x22 ./Core/Src/Xicro_sub_N_pub_ID_3.o
                0x00000000080007c0                Xicro::{unnamed type#1}::{unnamed type#1}::{unnamed type#1}::Xicro()
                0x00000000080007c0                Xicro::{unnamed type#1}::{unnamed type#1}::{unnamed type#1}::Xicro()
 *fill*         0x00000000080007e2        0x2 
 .text._ZN5XicroUt_Ut_C2Ev
                0x00000000080007e4       0x48 ./Core/Src/Xicro_sub_N_pub_ID_3.o
                0x00000000080007e4                Xicro::{unnamed type#1}::{unnamed type#1}::Xicro()
                0x00000000080007e4                Xicro::{unnamed type#1}::{unnamed type#1}::Xicro()
 .text._ZN5XicroUt_Ut0_C2Ev
                0x000000000800082c       0x4e ./Core/Src/Xicro_sub_N_pub_ID_3.o
                0x000000000800082c                Xicro::{unnamed type#1}::{unnamed type#2}::Xicro()
                0x000000000800082c                Xicro::{unnamed type#1}::{unnamed type#2}::Xicro()
 .text._ZN5XicroUt_Ut1_C2Ev
                0x000000000800087a       0x40 ./Core/Src/Xicro_sub_N_pub_ID_3.o
                0x000000000800087a                Xicro::{unnamed type#1}::{unnamed type#3}::Xicro()
                0x000000000800087a                Xicro::{unnamed type#1}::{unnamed type#3}::Xicro()
 .text._ZN5XicroUt_Ut2_C2Ev
                0x00000000080008ba       0x40 ./Core/Src/Xicro_sub_N_pub_ID_3.o
                0x00000000080008ba                Xicro::{unnamed type#1}::{unnamed type#4}::Xicro()
                0x00000000080008ba                Xicro::{unnamed type#1}::{unnamed type#4}::Xicro()
 .text._ZN5XicroUt_C2Ev
                0x00000000080008fa       0x68 ./Core/Src/Xicro_sub_N_pub_ID_3.o
                0x00000000080008fa                Xicro::{unnamed type#1}::Xicro()
                0x00000000080008fa                Xicro::{unnamed type#1}::Xicro()
 .text._ZN5XicroUt0_Ut_Ut_C2Ev
                0x0000000008000962       0x22 ./Core/Src/Xicro_sub_N_pub_ID_3.o
                0x0000000008000962                Xicro::{unnamed type#2}::{unnamed type#1}::{unnamed type#1}::Xicro()
                0x0000000008000962                Xicro::{unnamed type#2}::{unnamed type#1}::{unnamed type#1}::Xicro()
 .text._ZN5XicroUt0_Ut_C2Ev
                0x0000000008000984       0x48 ./Core/Src/Xicro_sub_N_pub_ID_3.o
                0x0000000008000984                Xicro::{unnamed type#2}::{unnamed type#1}::Xicro()
                0x0000000008000984                Xicro::{unnamed type#2}::{unnamed type#1}::Xicro()
 .text._ZN5XicroUt0_Ut0_C2Ev
                0x00000000080009cc       0x4e ./Core/Src/Xicro_sub_N_pub_ID_3.o
                0x00000000080009cc                Xicro::{unnamed type#2}::{unnamed type#2}::Xicro()
                0x00000000080009cc                Xicro::{unnamed type#2}::{unnamed type#2}::Xicro()
 .text._ZN5XicroUt0_Ut1_C2Ev
                0x0000000008000a1a       0x40 ./Core/Src/Xicro_sub_N_pub_ID_3.o
                0x0000000008000a1a                Xicro::{unnamed type#2}::{unnamed type#3}::Xicro()
                0x0000000008000a1a                Xicro::{unnamed type#2}::{unnamed type#3}::Xicro()
 .text._ZN5XicroUt0_Ut2_C2Ev
                0x0000000008000a5a       0x40 ./Core/Src/Xicro_sub_N_pub_ID_3.o
                0x0000000008000a5a                Xicro::{unnamed type#2}::{unnamed type#4}::Xicro()
                0x0000000008000a5a                Xicro::{unnamed type#2}::{unnamed type#4}::Xicro()
 .text._ZN5XicroUt0_C2Ev
                0x0000000008000a9a       0x68 ./Core/Src/Xicro_sub_N_pub_ID_3.o
                0x0000000008000a9a                Xicro::{unnamed type#2}::Xicro()
                0x0000000008000a9a                Xicro::{unnamed type#2}::Xicro()
 *fill*         0x0000000008000b02        0x2 
 .text._ZN5XicroC2Ev
                0x0000000008000b04      0x18c ./Core/Src/Xicro_sub_N_pub_ID_3.o
                0x0000000008000b04                Xicro::Xicro()
                0x0000000008000b04                Xicro::Xicro()
 .text._ZN5Xicro5beginEP20__UART_HandleTypeDef
                0x0000000008000c90      0x3ea ./Core/Src/Xicro_sub_N_pub_ID_3.o
                0x0000000008000c90                Xicro::begin(__UART_HandleTypeDef*)
 .text._ZN5Xicro7_getcrcEhPht
                0x000000000800107a       0x6c ./Core/Src/Xicro_sub_N_pub_ID_3.o
                0x000000000800107a                Xicro::_getcrc(unsigned char, unsigned char*, unsigned short)
 .text._ZN5Xicro10_SendstartEv
                0x00000000080010e6       0x26 ./Core/Src/Xicro_sub_N_pub_ID_3.o
                0x00000000080010e6                Xicro::_Sendstart()
 .text._ZN5Xicro9_SendstopEv
                0x000000000800110c       0x44 ./Core/Src/Xicro_sub_N_pub_ID_3.o
                0x000000000800110c                Xicro::_Sendstop()
 .text._ZN5Xicro13_SendcontinueEv
                0x0000000008001150       0x44 ./Core/Src/Xicro_sub_N_pub_ID_3.o
                0x0000000008001150                Xicro::_Sendcontinue()
 .text._ZN5Xicro14_SendSignatureEhh
                0x0000000008001194       0x5e ./Core/Src/Xicro_sub_N_pub_ID_3.o
                0x0000000008001194                Xicro::_SendSignature(unsigned char, unsigned char)
 *fill*         0x00000000080011f2        0x2 
 .text._ZN5Xicro11_SendUint32EPmh
                0x00000000080011f4      0x1bc ./Core/Src/Xicro_sub_N_pub_ID_3.o
                0x00000000080011f4                Xicro::_SendUint32(unsigned long*, unsigned char)
 .text._ZN5Xicro10_SendInt32EPlh
                0x00000000080013b0      0x1bc ./Core/Src/Xicro_sub_N_pub_ID_3.o
                0x00000000080013b0                Xicro::_SendInt32(long*, unsigned char)
 .text._ZN5Xicro11_SendDoubleEPdh
                0x000000000800156c      0x102 ./Core/Src/Xicro_sub_N_pub_ID_3.o
                0x000000000800156c                Xicro::_SendDouble(double*, unsigned char)
 .text._ZN5Xicro11_SendStringEPNSt7__cxx1112basic_stringIcSt11char_traitsIcESaIcEEEh
                0x000000000800166e      0x1ee ./Core/Src/Xicro_sub_N_pub_ID_3.o
                0x000000000800166e                Xicro::_SendString(std::__cxx11::basic_string<char, std::char_traits<char>, std::allocator<char> >*, unsigned char)
 .text._ZN5Xicro8_SendcrcEv
                0x000000000800185c       0x26 ./Core/Src/Xicro_sub_N_pub_ID_3.o
                0x000000000800185c                Xicro::_Sendcrc()
 .text._ZN5Xicro12_SendIdTopicEh
                0x0000000008001882       0x40 ./Core/Src/Xicro_sub_N_pub_ID_3.o
                0x0000000008001882                Xicro::_SendIdTopic(unsigned char)
 .text._ZN5Xicro22publish_fake_Imu_stm32ElmNSt7__cxx1112basic_stringIcSt11char_traitsIcESaIcEEEddddPddddS6_dddS6_
                0x00000000080018c2      0x18a ./Core/Src/Xicro_sub_N_pub_ID_3.o
                0x00000000080018c2                Xicro::publish_fake_Imu_stm32(long, unsigned long, std::__cxx11::basic_string<char, std::char_traits<char>, std::allocator<char> >, double, double, double, double, double*, double, double, double, double*, double, double, double, double*)
 .text._ZN5Xicro9Spin_nodeEv
                0x0000000008001a4c     0x368c ./Core/Src/Xicro_sub_N_pub_ID_3.o
                0x0000000008001a4c                Xicro::Spin_node()
 .text._ZStplIcSt11char_traitsIcESaIcEENSt7__cxx1112basic_stringIT_T0_T1_EERKS8_S5_
                0x00000000080050d8       0x2c ./Core/Src/Xicro_sub_N_pub_ID_3.o
                0x00000000080050d8                std::__cxx11::basic_string<char, std::char_traits<char>, std::allocator<char> > std::operator+<char, std::char_traits<char>, std::allocator<char> >(std::__cxx11::basic_string<char, std::char_traits<char>, std::allocator<char> > const&, char)
 .text.bno055_setPage
                0x0000000008005104       0x1c ./Core/Src/bno055.o
                0x0000000008005104                bno055_setPage
 .text.bno055_setOperationMode
                0x0000000008005120       0x30 ./Core/Src/bno055.o
                0x0000000008005120                bno055_setOperationMode
 .text.bno055_setOperationModeConfig
                0x0000000008005150        0xe ./Core/Src/bno055.o
                0x0000000008005150                bno055_setOperationModeConfig
 .text.bno055_setOperationModeNDOF
                0x000000000800515e        0xe ./Core/Src/bno055.o
                0x000000000800515e                bno055_setOperationModeNDOF
 .text.bno055_reset
                0x000000000800516c       0x18 ./Core/Src/bno055.o
                0x000000000800516c                bno055_reset
 .text.bno055_setup
                0x0000000008005184       0x50 ./Core/Src/bno055.o
                0x0000000008005184                bno055_setup
 .text.bno055_getVector
                0x00000000080051d4      0x260 ./Core/Src/bno055.o
                0x00000000080051d4                bno055_getVector
 .text.bno055_getVectorGyroscope
                0x0000000008005434       0x66 ./Core/Src/bno055.o
                0x0000000008005434                bno055_getVectorGyroscope
 .text.bno055_getVectorLinearAccel
                0x000000000800549a       0x66 ./Core/Src/bno055.o
                0x000000000800549a                bno055_getVectorLinearAccel
 .text.bno055_getVectorQuaternion
                0x0000000008005500       0x66 ./Core/Src/bno055.o
                0x0000000008005500                bno055_getVectorQuaternion
 *fill*         0x0000000008005566        0x2 
 .text.MX_DMA_Init
                0x0000000008005568       0x60 ./Core/Src/dma.o
                0x0000000008005568                MX_DMA_Init
 .text.MX_ETH_Init
                0x00000000080055c8       0x98 ./Core/Src/eth.o
                0x00000000080055c8                MX_ETH_Init
 .text.HAL_ETH_MspInit
                0x0000000008005660      0x19c ./Core/Src/eth.o
                0x0000000008005660                HAL_ETH_MspInit
 .text.MX_GPIO_Init
                0x00000000080057fc       0xcc ./Core/Src/gpio.o
                0x00000000080057fc                MX_GPIO_Init
 .text.MX_I2C1_Init
                0x00000000080058c8       0x80 ./Core/Src/i2c.o
                0x00000000080058c8                MX_I2C1_Init
 .text.HAL_I2C_MspInit
                0x0000000008005948      0x190 ./Core/Src/i2c.o
                0x0000000008005948                HAL_I2C_MspInit
 .text.bno055_assignI2C
                0x0000000008005ad8       0x20 ./Core/Src/main.o
                0x0000000008005ad8                bno055_assignI2C
 .text.bno055_delay
                0x0000000008005af8       0x18 ./Core/Src/main.o
                0x0000000008005af8                bno055_delay
 .text.bno055_writeData
                0x0000000008005b10      0x1d8 ./Core/Src/main.o
                0x0000000008005b10                bno055_writeData
 .text.bno055_readData
                0x0000000008005ce8       0x44 ./Core/Src/main.o
                0x0000000008005ce8                bno055_readData
 *fill*         0x0000000008005d2c        0x4 
 .text.main     0x0000000008005d30      0x780 ./Core/Src/main.o
                0x0000000008005d30                main
 .text._Z18SystemClock_Configv
                0x00000000080064b0      0x12c ./Core/Src/main.o
                0x00000000080064b0                SystemClock_Config()
 .text._Z6Microsv
                0x00000000080065dc       0x34 ./Core/Src/main.o
                0x00000000080065dc                Micros()
 .text._Z4meanPfi
                0x0000000008006610       0x60 ./Core/Src/main.o
                0x0000000008006610                mean(float*, int)
 .text._Z10covariancePfS_i
                0x0000000008006670       0x98 ./Core/Src/main.o
                0x0000000008006670                covariance(float*, float*, int)
 .text.HAL_TIM_PeriodElapsedCallback
                0x0000000008006708       0x38 ./Core/Src/main.o
                0x0000000008006708                HAL_TIM_PeriodElapsedCallback
 .text.Error_Handler
                0x0000000008006740        0xa ./Core/Src/main.o
                0x0000000008006740                Error_Handler
 .text._ZN5XicroUt_Ut_D2Ev
                0x000000000800674a       0x1c ./Core/Src/main.o
                0x000000000800674a                Xicro::{unnamed type#1}::{unnamed type#1}::~Xicro()
                0x000000000800674a                Xicro::{unnamed type#1}::{unnamed type#1}::~Xicro()
 .text._ZN5XicroUt_D2Ev
                0x0000000008006766       0x1c ./Core/Src/main.o
                0x0000000008006766                Xicro::{unnamed type#1}::~Xicro()
                0x0000000008006766                Xicro::{unnamed type#1}::~Xicro()
 .text._ZN5XicroUt0_Ut_D2Ev
                0x0000000008006782       0x1c ./Core/Src/main.o
                0x0000000008006782                Xicro::{unnamed type#2}::{unnamed type#1}::~Xicro()
                0x0000000008006782                Xicro::{unnamed type#2}::{unnamed type#1}::~Xicro()
 .text._ZN5XicroUt0_D2Ev
                0x000000000800679e       0x1c ./Core/Src/main.o
                0x000000000800679e                Xicro::{unnamed type#2}::~Xicro()
                0x000000000800679e                Xicro::{unnamed type#2}::~Xicro()
 .text._ZN5XicroD2Ev
                0x00000000080067ba       0x32 ./Core/Src/main.o
                0x00000000080067ba                Xicro::~Xicro()
                0x00000000080067ba                Xicro::~Xicro()
 .text._Z41__static_initialization_and_destruction_0ii
                0x00000000080067ec       0x44 ./Core/Src/main.o
 .text._GLOBAL__sub_I__bno055_i2c_port
                0x0000000008006830       0x10 ./Core/Src/main.o
 .text._GLOBAL__sub_D__bno055_i2c_port
                0x0000000008006840       0x10 ./Core/Src/main.o
 .text.HAL_MspInit
                0x0000000008006850       0x34 ./Core/Src/stm32h7xx_hal_msp.o
                0x0000000008006850                HAL_MspInit
 .text.NMI_Handler
                0x0000000008006884        0x6 ./Core/Src/stm32h7xx_it.o
                0x0000000008006884                NMI_Handler
 .text.HardFault_Handler
                0x000000000800688a        0x6 ./Core/Src/stm32h7xx_it.o
                0x000000000800688a                HardFault_Handler
 .text.MemManage_Handler
                0x0000000008006890        0x6 ./Core/Src/stm32h7xx_it.o
                0x0000000008006890                MemManage_Handler
 .text.BusFault_Handler
                0x0000000008006896        0x6 ./Core/Src/stm32h7xx_it.o
                0x0000000008006896                BusFault_Handler
 .text.UsageFault_Handler
                0x000000000800689c        0x6 ./Core/Src/stm32h7xx_it.o
                0x000000000800689c                UsageFault_Handler
 .text.SVC_Handler
                0x00000000080068a2        0xe ./Core/Src/stm32h7xx_it.o
                0x00000000080068a2                SVC_Handler
 .text.DebugMon_Handler
                0x00000000080068b0        0xe ./Core/Src/stm32h7xx_it.o
                0x00000000080068b0                DebugMon_Handler
 .text.PendSV_Handler
                0x00000000080068be        0xe ./Core/Src/stm32h7xx_it.o
                0x00000000080068be                PendSV_Handler
 .text.SysTick_Handler
                0x00000000080068cc        0xc ./Core/Src/stm32h7xx_it.o
                0x00000000080068cc                SysTick_Handler
 .text.DMA1_Stream0_IRQHandler
                0x00000000080068d8       0x14 ./Core/Src/stm32h7xx_it.o
                0x00000000080068d8                DMA1_Stream0_IRQHandler
 .text.DMA1_Stream1_IRQHandler
                0x00000000080068ec       0x14 ./Core/Src/stm32h7xx_it.o
                0x00000000080068ec                DMA1_Stream1_IRQHandler
 .text.DMA1_Stream2_IRQHandler
                0x0000000008006900       0x14 ./Core/Src/stm32h7xx_it.o
                0x0000000008006900                DMA1_Stream2_IRQHandler
 .text.TIM1_BRK_IRQHandler
                0x0000000008006914       0x14 ./Core/Src/stm32h7xx_it.o
                0x0000000008006914                TIM1_BRK_IRQHandler
 .text.TIM1_UP_IRQHandler
                0x0000000008006928       0x14 ./Core/Src/stm32h7xx_it.o
                0x0000000008006928                TIM1_UP_IRQHandler
 .text.TIM1_TRG_COM_IRQHandler
                0x000000000800693c       0x14 ./Core/Src/stm32h7xx_it.o
                0x000000000800693c                TIM1_TRG_COM_IRQHandler
 .text.TIM1_CC_IRQHandler
                0x0000000008006950       0x14 ./Core/Src/stm32h7xx_it.o
                0x0000000008006950                TIM1_CC_IRQHandler
 .text.USART3_IRQHandler
                0x0000000008006964       0x14 ./Core/Src/stm32h7xx_it.o
                0x0000000008006964                USART3_IRQHandler
 .text._getpid  0x0000000008006978       0x10 ./Core/Src/syscalls.o
                0x0000000008006978                _getpid
 .text._kill    0x0000000008006988       0x20 ./Core/Src/syscalls.o
                0x0000000008006988                _kill
 .text._exit    0x00000000080069a8       0x14 ./Core/Src/syscalls.o
                0x00000000080069a8                _exit
 .text._read    0x00000000080069bc       0x3a ./Core/Src/syscalls.o
                0x00000000080069bc                _read
 .text._write   0x00000000080069f6       0x38 ./Core/Src/syscalls.o
                0x00000000080069f6                _write
 .text._close   0x0000000008006a2e       0x18 ./Core/Src/syscalls.o
                0x0000000008006a2e                _close
 .text._fstat   0x0000000008006a46       0x20 ./Core/Src/syscalls.o
                0x0000000008006a46                _fstat
 .text._isatty  0x0000000008006a66       0x16 ./Core/Src/syscalls.o
                0x0000000008006a66                _isatty
 .text._lseek   0x0000000008006a7c       0x1a ./Core/Src/syscalls.o
                0x0000000008006a7c                _lseek
 *fill*         0x0000000008006a96        0x2 
 .text._sbrk    0x0000000008006a98       0x6c ./Core/Src/sysmem.o
                0x0000000008006a98                _sbrk
 .text.MX_TIM1_Init
                0x0000000008006b04       0xa8 ./Core/Src/tim.o
                0x0000000008006b04                MX_TIM1_Init
 .text.HAL_TIM_Base_MspInit
                0x0000000008006bac       0x80 ./Core/Src/tim.o
                0x0000000008006bac                HAL_TIM_Base_MspInit
 .text.MX_USART3_UART_Init
                0x0000000008006c2c       0x98 ./Core/Src/usart.o
                0x0000000008006c2c                MX_USART3_UART_Init
 .text.HAL_UART_MspInit
                0x0000000008006cc4      0x140 ./Core/Src/usart.o
                0x0000000008006cc4                HAL_UART_MspInit
 .text.MX_USB_OTG_FS_PCD_Init
                0x0000000008006e04       0x64 ./Core/Src/usb_otg.o
                0x0000000008006e04                MX_USB_OTG_FS_PCD_Init
 .text.HAL_PCD_MspInit
                0x0000000008006e68      0x114 ./Core/Src/usb_otg.o
                0x0000000008006e68                HAL_PCD_MspInit
 .text.Reset_Handler
                0x0000000008006f7c       0x50 ./Core/Startup/startup_stm32h745zitx.o
                0x0000000008006f7c                Reset_Handler
 .text.Default_Handler
                0x0000000008006fcc        0x2 ./Core/Startup/startup_stm32h745zitx.o
                0x0000000008006fcc                RTC_Alarm_IRQHandler
                0x0000000008006fcc                EXTI2_IRQHandler
                0x0000000008006fcc                TIM8_CC_IRQHandler
                0x0000000008006fcc                HRTIM1_Master_IRQHandler
                0x0000000008006fcc                UART8_IRQHandler
                0x0000000008006fcc                SPI4_IRQHandler
                0x0000000008006fcc                BDMA_Channel6_IRQHandler
                0x0000000008006fcc                DMA2_Stream5_IRQHandler
                0x0000000008006fcc                HRTIM1_FLT_IRQHandler
                0x0000000008006fcc                JPEG_IRQHandler
                0x0000000008006fcc                DMA1_Stream5_IRQHandler
                0x0000000008006fcc                BDMA_Channel1_IRQHandler
                0x0000000008006fcc                HRTIM1_TIMD_IRQHandler
                0x0000000008006fcc                TAMP_STAMP_IRQHandler
                0x0000000008006fcc                EXTI3_IRQHandler
                0x0000000008006fcc                LPTIM4_IRQHandler
                0x0000000008006fcc                TIM8_TRG_COM_TIM14_IRQHandler
                0x0000000008006fcc                LPTIM2_IRQHandler
                0x0000000008006fcc                DFSDM1_FLT1_IRQHandler
                0x0000000008006fcc                DMAMUX2_OVR_IRQHandler
                0x0000000008006fcc                TIM8_UP_TIM13_IRQHandler
                0x0000000008006fcc                I2C3_ER_IRQHandler
                0x0000000008006fcc                DFSDM1_FLT2_IRQHandler
                0x0000000008006fcc                MDMA_IRQHandler
                0x0000000008006fcc                LPTIM3_IRQHandler
                0x0000000008006fcc                HSEM1_IRQHandler
                0x0000000008006fcc                EXTI0_IRQHandler
                0x0000000008006fcc                I2C2_EV_IRQHandler
                0x0000000008006fcc                FPU_IRQHandler
                0x0000000008006fcc                OTG_HS_WKUP_IRQHandler
                0x0000000008006fcc                FDCAN1_IT1_IRQHandler
                0x0000000008006fcc                LTDC_ER_IRQHandler
                0x0000000008006fcc                DMA2_Stream2_IRQHandler
                0x0000000008006fcc                HRTIM1_TIME_IRQHandler
                0x0000000008006fcc                SPI1_IRQHandler
                0x0000000008006fcc                TIM6_DAC_IRQHandler
                0x0000000008006fcc                DCMI_IRQHandler
                0x0000000008006fcc                HRTIM1_TIMC_IRQHandler
                0x0000000008006fcc                DMA2_Stream3_IRQHandler
                0x0000000008006fcc                SAI2_IRQHandler
                0x0000000008006fcc                DFSDM1_FLT3_IRQHandler
                0x0000000008006fcc                USART6_IRQHandler
                0x0000000008006fcc                TIM17_IRQHandler
                0x0000000008006fcc                BDMA_Channel7_IRQHandler
                0x0000000008006fcc                LPTIM5_IRQHandler
                0x0000000008006fcc                UART5_IRQHandler
                0x0000000008006fcc                ADC3_IRQHandler
                0x0000000008006fcc                DMA2_Stream0_IRQHandler
                0x0000000008006fcc                TIM4_IRQHandler
                0x0000000008006fcc                BDMA_Channel2_IRQHandler
                0x0000000008006fcc                QUADSPI_IRQHandler
                0x0000000008006fcc                I2C1_EV_IRQHandler
                0x0000000008006fcc                DMA1_Stream6_IRQHandler
                0x0000000008006fcc                DMAMUX1_OVR_IRQHandler
                0x0000000008006fcc                TIM16_IRQHandler
                0x0000000008006fcc                UART4_IRQHandler
                0x0000000008006fcc                BDMA_Channel5_IRQHandler
                0x0000000008006fcc                TIM3_IRQHandler
                0x0000000008006fcc                RCC_IRQHandler
                0x0000000008006fcc                TIM8_BRK_TIM12_IRQHandler
                0x0000000008006fcc                Default_Handler
                0x0000000008006fcc                ECC_IRQHandler
                0x0000000008006fcc                CEC_IRQHandler
                0x0000000008006fcc                EXTI15_10_IRQHandler
                0x0000000008006fcc                BDMA_Channel0_IRQHandler
                0x0000000008006fcc                ADC_IRQHandler
                0x0000000008006fcc                DMA1_Stream7_IRQHandler
                0x0000000008006fcc                HRTIM1_TIMA_IRQHandler
                0x0000000008006fcc                SPI5_IRQHandler
                0x0000000008006fcc                TIM7_IRQHandler
                0x0000000008006fcc                SDMMC1_IRQHandler
                0x0000000008006fcc                TIM5_IRQHandler
                0x0000000008006fcc                DMA2_Stream7_IRQHandler
                0x0000000008006fcc                TIM15_IRQHandler
                0x0000000008006fcc                PVD_AVD_IRQHandler
                0x0000000008006fcc                I2C3_EV_IRQHandler
                0x0000000008006fcc                EXTI9_5_IRQHandler
                0x0000000008006fcc                RTC_WKUP_IRQHandler
                0x0000000008006fcc                LTDC_IRQHandler
                0x0000000008006fcc                SAI3_IRQHandler
                0x0000000008006fcc                ETH_WKUP_IRQHandler
                0x0000000008006fcc                SPDIF_RX_IRQHandler
                0x0000000008006fcc                SPI2_IRQHandler
                0x0000000008006fcc                OTG_HS_EP1_IN_IRQHandler
                0x0000000008006fcc                CRS_IRQHandler
                0x0000000008006fcc                CM7_SEV_IRQHandler
                0x0000000008006fcc                EXTI4_IRQHandler
                0x0000000008006fcc                RNG_IRQHandler
                0x0000000008006fcc                CM4_SEV_IRQHandler
                0x0000000008006fcc                HRTIM1_TIMB_IRQHandler
                0x0000000008006fcc                FDCAN2_IT1_IRQHandler
                0x0000000008006fcc                ETH_IRQHandler
                0x0000000008006fcc                WWDG_RST_IRQHandler
                0x0000000008006fcc                BDMA_Channel4_IRQHandler
                0x0000000008006fcc                OTG_HS_EP1_OUT_IRQHandler
                0x0000000008006fcc                WWDG_IRQHandler
                0x0000000008006fcc                SPI6_IRQHandler
                0x0000000008006fcc                MDIOS_IRQHandler
                0x0000000008006fcc                I2C4_EV_IRQHandler
                0x0000000008006fcc                FDCAN2_IT0_IRQHandler
                0x0000000008006fcc                LPUART1_IRQHandler
                0x0000000008006fcc                FDCAN1_IT0_IRQHandler
                0x0000000008006fcc                TIM2_IRQHandler
                0x0000000008006fcc                OTG_FS_WKUP_IRQHandler
                0x0000000008006fcc                OTG_HS_IRQHandler
                0x0000000008006fcc                HSEM2_IRQHandler
                0x0000000008006fcc                DMA2D_IRQHandler
                0x0000000008006fcc                EXTI1_IRQHandler
                0x0000000008006fcc                SDMMC2_IRQHandler
                0x0000000008006fcc                OTG_FS_EP1_OUT_IRQHandler
                0x0000000008006fcc                BDMA_Channel3_IRQHandler
                0x0000000008006fcc                HOLD_CORE_IRQHandler
                0x0000000008006fcc                UART7_IRQHandler
                0x0000000008006fcc                MDIOS_WKUP_IRQHandler
                0x0000000008006fcc                USART2_IRQHandler
                0x0000000008006fcc                DFSDM1_FLT0_IRQHandler
                0x0000000008006fcc                SAI4_IRQHandler
                0x0000000008006fcc                I2C2_ER_IRQHandler
                0x0000000008006fcc                DMA2_Stream1_IRQHandler
                0x0000000008006fcc                FLASH_IRQHandler
                0x0000000008006fcc                DMA2_Stream4_IRQHandler
                0x0000000008006fcc                USART1_IRQHandler
                0x0000000008006fcc                OTG_FS_IRQHandler
                0x0000000008006fcc                SPI3_IRQHandler
                0x0000000008006fcc                WAKEUP_PIN_IRQHandler
                0x0000000008006fcc                DMA1_Stream4_IRQHandler
                0x0000000008006fcc                OTG_FS_EP1_IN_IRQHandler
                0x0000000008006fcc                I2C1_ER_IRQHandler
                0x0000000008006fcc                FMC_IRQHandler
                0x0000000008006fcc                FDCAN_CAL_IRQHandler
                0x0000000008006fcc                SWPMI1_IRQHandler
                0x0000000008006fcc                COMP1_IRQHandler
                0x0000000008006fcc                LPTIM1_IRQHandler
                0x0000000008006fcc                I2C4_ER_IRQHandler
                0x0000000008006fcc                DMA2_Stream6_IRQHandler
                0x0000000008006fcc                SAI1_IRQHandler
                0x0000000008006fcc                DMA1_Stream3_IRQHandler
 *fill*         0x0000000008006fce        0x2 
 .text.HAL_Init
                0x0000000008006fd0       0x78 ./Drivers/STM32H7xx_HAL_Driver/stm32h7xx_hal.o
                0x0000000008006fd0                HAL_Init
 .text.HAL_InitTick
                0x0000000008007048       0x6c ./Drivers/STM32H7xx_HAL_Driver/stm32h7xx_hal.o
                0x0000000008007048                HAL_InitTick
 .text.HAL_IncTick
                0x00000000080070b4       0x28 ./Drivers/STM32H7xx_HAL_Driver/stm32h7xx_hal.o
                0x00000000080070b4                HAL_IncTick
 .text.HAL_GetTick
                0x00000000080070dc       0x18 ./Drivers/STM32H7xx_HAL_Driver/stm32h7xx_hal.o
                0x00000000080070dc                HAL_GetTick
 .text.HAL_Delay
                0x00000000080070f4       0x48 ./Drivers/STM32H7xx_HAL_Driver/stm32h7xx_hal.o
                0x00000000080070f4                HAL_Delay
 .text.HAL_GetREVID
                0x000000000800713c       0x18 ./Drivers/STM32H7xx_HAL_Driver/stm32h7xx_hal.o
                0x000000000800713c                HAL_GetREVID
 .text.HAL_SYSCFG_ETHInterfaceSelect
                0x0000000008007154       0x28 ./Drivers/STM32H7xx_HAL_Driver/stm32h7xx_hal.o
                0x0000000008007154                HAL_SYSCFG_ETHInterfaceSelect
 .text.__NVIC_SetPriorityGrouping
                0x000000000800717c       0x48 ./Drivers/STM32H7xx_HAL_Driver/stm32h7xx_hal_cortex.o
 .text.__NVIC_GetPriorityGrouping
                0x00000000080071c4       0x1c ./Drivers/STM32H7xx_HAL_Driver/stm32h7xx_hal_cortex.o
 .text.__NVIC_EnableIRQ
                0x00000000080071e0       0x3c ./Drivers/STM32H7xx_HAL_Driver/stm32h7xx_hal_cortex.o
 .text.__NVIC_SetPriority
                0x000000000800721c       0x54 ./Drivers/STM32H7xx_HAL_Driver/stm32h7xx_hal_cortex.o
 .text.NVIC_EncodePriority
                0x0000000008007270       0x66 ./Drivers/STM32H7xx_HAL_Driver/stm32h7xx_hal_cortex.o
 *fill*         0x00000000080072d6        0x2 
 .text.SysTick_Config
                0x00000000080072d8       0x44 ./Drivers/STM32H7xx_HAL_Driver/stm32h7xx_hal_cortex.o
 .text.HAL_NVIC_SetPriorityGrouping
                0x000000000800731c       0x16 ./Drivers/STM32H7xx_HAL_Driver/stm32h7xx_hal_cortex.o
                0x000000000800731c                HAL_NVIC_SetPriorityGrouping
 .text.HAL_NVIC_SetPriority
                0x0000000008007332       0x34 ./Drivers/STM32H7xx_HAL_Driver/stm32h7xx_hal_cortex.o
                0x0000000008007332                HAL_NVIC_SetPriority
 .text.HAL_NVIC_EnableIRQ
                0x0000000008007366       0x1c ./Drivers/STM32H7xx_HAL_Driver/stm32h7xx_hal_cortex.o
                0x0000000008007366                HAL_NVIC_EnableIRQ
 .text.HAL_SYSTICK_Config
                0x0000000008007382       0x18 ./Drivers/STM32H7xx_HAL_Driver/stm32h7xx_hal_cortex.o
                0x0000000008007382                HAL_SYSTICK_Config
 *fill*         0x000000000800739a        0x2 
 .text.HAL_DMA_Init
                0x000000000800739c      0x6b8 ./Drivers/STM32H7xx_HAL_Driver/stm32h7xx_hal_dma.o
                0x000000000800739c                HAL_DMA_Init
 .text.HAL_DMA_Start_IT
                0x0000000008007a54      0x4d4 ./Drivers/STM32H7xx_HAL_Driver/stm32h7xx_hal_dma.o
                0x0000000008007a54                HAL_DMA_Start_IT
 .text.HAL_DMA_Abort
                0x0000000008007f28      0x63c ./Drivers/STM32H7xx_HAL_Driver/stm32h7xx_hal_dma.o
                0x0000000008007f28                HAL_DMA_Abort
 .text.HAL_DMA_Abort_IT
                0x0000000008008564      0x48c ./Drivers/STM32H7xx_HAL_Driver/stm32h7xx_hal_dma.o
                0x0000000008008564                HAL_DMA_Abort_IT
 .text.HAL_DMA_IRQHandler
                0x00000000080089f0      0xe54 ./Drivers/STM32H7xx_HAL_Driver/stm32h7xx_hal_dma.o
                0x00000000080089f0                HAL_DMA_IRQHandler
 .text.DMA_SetConfig
                0x0000000008009844      0x358 ./Drivers/STM32H7xx_HAL_Driver/stm32h7xx_hal_dma.o
 .text.DMA_CalcBaseAndBitshift
                0x0000000008009b9c      0x164 ./Drivers/STM32H7xx_HAL_Driver/stm32h7xx_hal_dma.o
 .text.DMA_CheckFifoParam
                0x0000000008009d00       0xf8 ./Drivers/STM32H7xx_HAL_Driver/stm32h7xx_hal_dma.o
 .text.DMA_CalcDMAMUXChannelBaseAndMask
                0x0000000008009df8      0x134 ./Drivers/STM32H7xx_HAL_Driver/stm32h7xx_hal_dma.o
 .text.DMA_CalcDMAMUXRequestGenBaseAndMask
                0x0000000008009f2c       0xe8 ./Drivers/STM32H7xx_HAL_Driver/stm32h7xx_hal_dma.o
 .text.HAL_ETH_Init
                0x000000000800a014      0x1cc ./Drivers/STM32H7xx_HAL_Driver/stm32h7xx_hal_eth.o
                0x000000000800a014                HAL_ETH_Init
 .text.HAL_ETH_SetMDIOClockRange
                0x000000000800a1e0       0xb0 ./Drivers/STM32H7xx_HAL_Driver/stm32h7xx_hal_eth.o
                0x000000000800a1e0                HAL_ETH_SetMDIOClockRange
 .text.ETH_SetMACConfig
                0x000000000800a290      0x238 ./Drivers/STM32H7xx_HAL_Driver/stm32h7xx_hal_eth.o
 .text.ETH_SetDMAConfig
                0x000000000800a4c8      0x10c ./Drivers/STM32H7xx_HAL_Driver/stm32h7xx_hal_eth.o
 .text.ETH_MACDMAConfig
                0x000000000800a5d4      0x13a ./Drivers/STM32H7xx_HAL_Driver/stm32h7xx_hal_eth.o
 .text.ETH_DMATxDescListInit
                0x000000000800a70e       0x92 ./Drivers/STM32H7xx_HAL_Driver/stm32h7xx_hal_eth.o
 .text.ETH_DMARxDescListInit
                0x000000000800a7a0       0xba ./Drivers/STM32H7xx_HAL_Driver/stm32h7xx_hal_eth.o
 *fill*         0x000000000800a85a        0x2 
 .text.HAL_GPIO_Init
                0x000000000800a85c      0x360 ./Drivers/STM32H7xx_HAL_Driver/stm32h7xx_hal_gpio.o
                0x000000000800a85c                HAL_GPIO_Init
 .text.HAL_HSEM_FastTake
                0x000000000800abbc       0x34 ./Drivers/STM32H7xx_HAL_Driver/stm32h7xx_hal_hsem.o
                0x000000000800abbc                HAL_HSEM_FastTake
 .text.HAL_HSEM_Release
                0x000000000800abf0       0x28 ./Drivers/STM32H7xx_HAL_Driver/stm32h7xx_hal_hsem.o
                0x000000000800abf0                HAL_HSEM_Release
 .text.HAL_I2C_Init
                0x000000000800ac18      0x120 ./Drivers/STM32H7xx_HAL_Driver/stm32h7xx_hal_i2c.o
                0x000000000800ac18                HAL_I2C_Init
 .text.HAL_I2C_Master_Transmit
                0x000000000800ad38      0x1e8 ./Drivers/STM32H7xx_HAL_Driver/stm32h7xx_hal_i2c.o
                0x000000000800ad38                HAL_I2C_Master_Transmit
 .text.HAL_I2C_Master_Receive
                0x000000000800af20      0x1ec ./Drivers/STM32H7xx_HAL_Driver/stm32h7xx_hal_i2c.o
                0x000000000800af20                HAL_I2C_Master_Receive
 .text.HAL_I2C_GetState
                0x000000000800b10c       0x1c ./Drivers/STM32H7xx_HAL_Driver/stm32h7xx_hal_i2c.o
                0x000000000800b10c                HAL_I2C_GetState
 .text.HAL_I2C_GetError
                0x000000000800b128       0x18 ./Drivers/STM32H7xx_HAL_Driver/stm32h7xx_hal_i2c.o
                0x000000000800b128                HAL_I2C_GetError
 .text.I2C_Flush_TXDR
                0x000000000800b140       0x48 ./Drivers/STM32H7xx_HAL_Driver/stm32h7xx_hal_i2c.o
 .text.I2C_WaitOnFlagUntilTimeout
                0x000000000800b188       0x80 ./Drivers/STM32H7xx_HAL_Driver/stm32h7xx_hal_i2c.o
 .text.I2C_WaitOnTXISFlagUntilTimeout
                0x000000000800b208       0x80 ./Drivers/STM32H7xx_HAL_Driver/stm32h7xx_hal_i2c.o
 .text.I2C_WaitOnSTOPFlagUntilTimeout
                0x000000000800b288       0x78 ./Drivers/STM32H7xx_HAL_Driver/stm32h7xx_hal_i2c.o
 .text.I2C_WaitOnRXNEFlagUntilTimeout
                0x000000000800b300       0xf4 ./Drivers/STM32H7xx_HAL_Driver/stm32h7xx_hal_i2c.o
 .text.I2C_IsErrorOccurred
                0x000000000800b3f4      0x1d8 ./Drivers/STM32H7xx_HAL_Driver/stm32h7xx_hal_i2c.o
 .text.I2C_TransferConfig
                0x000000000800b5cc       0x64 ./Drivers/STM32H7xx_HAL_Driver/stm32h7xx_hal_i2c.o
 .text.HAL_I2CEx_ConfigAnalogFilter
                0x000000000800b630       0x96 ./Drivers/STM32H7xx_HAL_Driver/stm32h7xx_hal_i2c_ex.o
                0x000000000800b630                HAL_I2CEx_ConfigAnalogFilter
 .text.HAL_I2CEx_ConfigDigitalFilter
                0x000000000800b6c6       0x98 ./Drivers/STM32H7xx_HAL_Driver/stm32h7xx_hal_i2c_ex.o
                0x000000000800b6c6                HAL_I2CEx_ConfigDigitalFilter
 .text.HAL_PCD_Init
                0x000000000800b75e      0x248 ./Drivers/STM32H7xx_HAL_Driver/stm32h7xx_hal_pcd.o
                0x000000000800b75e                HAL_PCD_Init
 *fill*         0x000000000800b9a6        0x2 
 .text.HAL_PCDEx_ActivateLPM
                0x000000000800b9a8       0x48 ./Drivers/STM32H7xx_HAL_Driver/stm32h7xx_hal_pcd_ex.o
                0x000000000800b9a8                HAL_PCDEx_ActivateLPM
 .text.HAL_PWREx_ConfigSupply
                0x000000000800b9f0       0xb4 ./Drivers/STM32H7xx_HAL_Driver/stm32h7xx_hal_pwr_ex.o
                0x000000000800b9f0                HAL_PWREx_ConfigSupply
 .text.HAL_PWREx_EnableUSBVoltageDetector
                0x000000000800baa4       0x20 ./Drivers/STM32H7xx_HAL_Driver/stm32h7xx_hal_pwr_ex.o
                0x000000000800baa4                HAL_PWREx_EnableUSBVoltageDetector
 .text.HAL_RCC_OscConfig
                0x000000000800bac4      0x85c ./Drivers/STM32H7xx_HAL_Driver/stm32h7xx_hal_rcc.o
                0x000000000800bac4                HAL_RCC_OscConfig
 .text.HAL_RCC_ClockConfig
                0x000000000800c320      0x36c ./Drivers/STM32H7xx_HAL_Driver/stm32h7xx_hal_rcc.o
                0x000000000800c320                HAL_RCC_ClockConfig
 .text.HAL_RCC_GetSysClockFreq
                0x000000000800c68c      0x2f4 ./Drivers/STM32H7xx_HAL_Driver/stm32h7xx_hal_rcc.o
                0x000000000800c68c                HAL_RCC_GetSysClockFreq
 .text.HAL_RCC_GetHCLKFreq
                0x000000000800c980       0x60 ./Drivers/STM32H7xx_HAL_Driver/stm32h7xx_hal_rcc.o
                0x000000000800c980                HAL_RCC_GetHCLKFreq
 .text.HAL_RCC_GetPCLK1Freq
                0x000000000800c9e0       0x2c ./Drivers/STM32H7xx_HAL_Driver/stm32h7xx_hal_rcc.o
                0x000000000800c9e0                HAL_RCC_GetPCLK1Freq
 .text.HAL_RCC_GetPCLK2Freq
                0x000000000800ca0c       0x2c ./Drivers/STM32H7xx_HAL_Driver/stm32h7xx_hal_rcc.o
                0x000000000800ca0c                HAL_RCC_GetPCLK2Freq
 .text.HAL_RCCEx_PeriphCLKConfig
                0x000000000800ca38      0xe8c ./Drivers/STM32H7xx_HAL_Driver/stm32h7xx_hal_rcc_ex.o
                0x000000000800ca38                HAL_RCCEx_PeriphCLKConfig
 .text.HAL_RCCEx_GetD3PCLK1Freq
                0x000000000800d8c4       0x2c ./Drivers/STM32H7xx_HAL_Driver/stm32h7xx_hal_rcc_ex.o
                0x000000000800d8c4                HAL_RCCEx_GetD3PCLK1Freq
 .text.HAL_RCCEx_GetPLL2ClockFreq
                0x000000000800d8f0      0x2a8 ./Drivers/STM32H7xx_HAL_Driver/stm32h7xx_hal_rcc_ex.o
                0x000000000800d8f0                HAL_RCCEx_GetPLL2ClockFreq
 .text.HAL_RCCEx_GetPLL3ClockFreq
                0x000000000800db98      0x2a8 ./Drivers/STM32H7xx_HAL_Driver/stm32h7xx_hal_rcc_ex.o
                0x000000000800db98                HAL_RCCEx_GetPLL3ClockFreq
 .text.RCCEx_PLL2_Config
                0x000000000800de40      0x164 ./Drivers/STM32H7xx_HAL_Driver/stm32h7xx_hal_rcc_ex.o
 .text.RCCEx_PLL3_Config
                0x000000000800dfa4      0x164 ./Drivers/STM32H7xx_HAL_Driver/stm32h7xx_hal_rcc_ex.o
 .text.HAL_TIM_Base_Init
                0x000000000800e108       0xae ./Drivers/STM32H7xx_HAL_Driver/stm32h7xx_hal_tim.o
                0x000000000800e108                HAL_TIM_Base_Init
 *fill*         0x000000000800e1b6        0x2 
 .text.HAL_TIM_Base_Start_IT
                0x000000000800e1b8       0xf0 ./Drivers/STM32H7xx_HAL_Driver/stm32h7xx_hal_tim.o
                0x000000000800e1b8                HAL_TIM_Base_Start_IT
 .text.HAL_TIM_IRQHandler
                0x000000000800e2a8      0x23e ./Drivers/STM32H7xx_HAL_Driver/stm32h7xx_hal_tim.o
                0x000000000800e2a8                HAL_TIM_IRQHandler
 *fill*         0x000000000800e4e6        0x2 
 .text.HAL_TIM_ConfigClockSource
                0x000000000800e4e8      0x1f0 ./Drivers/STM32H7xx_HAL_Driver/stm32h7xx_hal_tim.o
                0x000000000800e4e8                HAL_TIM_ConfigClockSource
 .text.HAL_TIM_OC_DelayElapsedCallback
                0x000000000800e6d8       0x14 ./Drivers/STM32H7xx_HAL_Driver/stm32h7xx_hal_tim.o
                0x000000000800e6d8                HAL_TIM_OC_DelayElapsedCallback
 .text.HAL_TIM_IC_CaptureCallback
                0x000000000800e6ec       0x14 ./Drivers/STM32H7xx_HAL_Driver/stm32h7xx_hal_tim.o
                0x000000000800e6ec                HAL_TIM_IC_CaptureCallback
 .text.HAL_TIM_PWM_PulseFinishedCallback
                0x000000000800e700       0x14 ./Drivers/STM32H7xx_HAL_Driver/stm32h7xx_hal_tim.o
                0x000000000800e700                HAL_TIM_PWM_PulseFinishedCallback
 .text.HAL_TIM_TriggerCallback
                0x000000000800e714       0x14 ./Drivers/STM32H7xx_HAL_Driver/stm32h7xx_hal_tim.o
                0x000000000800e714                HAL_TIM_TriggerCallback
 .text.TIM_Base_SetConfig
                0x000000000800e728      0x134 ./Drivers/STM32H7xx_HAL_Driver/stm32h7xx_hal_tim.o
                0x000000000800e728                TIM_Base_SetConfig
 .text.TIM_TI1_ConfigInputStage
                0x000000000800e85c       0x5e ./Drivers/STM32H7xx_HAL_Driver/stm32h7xx_hal_tim.o
 .text.TIM_TI2_ConfigInputStage
                0x000000000800e8ba       0x60 ./Drivers/STM32H7xx_HAL_Driver/stm32h7xx_hal_tim.o
 *fill*         0x000000000800e91a        0x2 
 .text.TIM_ITRx_SetConfig
                0x000000000800e91c       0x3c ./Drivers/STM32H7xx_HAL_Driver/stm32h7xx_hal_tim.o
 .text.TIM_ETR_SetConfig
                0x000000000800e958       0x40 ./Drivers/STM32H7xx_HAL_Driver/stm32h7xx_hal_tim.o
                0x000000000800e958                TIM_ETR_SetConfig
 .text.HAL_TIMEx_MasterConfigSynchronization
                0x000000000800e998      0x11c ./Drivers/STM32H7xx_HAL_Driver/stm32h7xx_hal_tim_ex.o
                0x000000000800e998                HAL_TIMEx_MasterConfigSynchronization
 .text.HAL_TIMEx_CommutCallback
                0x000000000800eab4       0x14 ./Drivers/STM32H7xx_HAL_Driver/stm32h7xx_hal_tim_ex.o
                0x000000000800eab4                HAL_TIMEx_CommutCallback
 .text.HAL_TIMEx_BreakCallback
                0x000000000800eac8       0x14 ./Drivers/STM32H7xx_HAL_Driver/stm32h7xx_hal_tim_ex.o
                0x000000000800eac8                HAL_TIMEx_BreakCallback
 .text.HAL_TIMEx_Break2Callback
                0x000000000800eadc       0x14 ./Drivers/STM32H7xx_HAL_Driver/stm32h7xx_hal_tim_ex.o
                0x000000000800eadc                HAL_TIMEx_Break2Callback
 .text.HAL_UART_Init
                0x000000000800eaf0       0xa0 ./Drivers/STM32H7xx_HAL_Driver/stm32h7xx_hal_uart.o
                0x000000000800eaf0                HAL_UART_Init
 .text.HAL_UART_Transmit
                0x000000000800eb90      0x12c ./Drivers/STM32H7xx_HAL_Driver/stm32h7xx_hal_uart.o
                0x000000000800eb90                HAL_UART_Transmit
 .text.HAL_UART_Receive_DMA
                0x000000000800ecbc       0xac ./Drivers/STM32H7xx_HAL_Driver/stm32h7xx_hal_uart.o
                0x000000000800ecbc                HAL_UART_Receive_DMA
 .text.HAL_UART_IRQHandler
                0x000000000800ed68      0x73c ./Drivers/STM32H7xx_HAL_Driver/stm32h7xx_hal_uart.o
                0x000000000800ed68                HAL_UART_IRQHandler
 .text.HAL_UART_TxCpltCallback
                0x000000000800f4a4       0x14 ./Drivers/STM32H7xx_HAL_Driver/stm32h7xx_hal_uart.o
                0x000000000800f4a4                HAL_UART_TxCpltCallback
 .text.HAL_UART_RxCpltCallback
                0x000000000800f4b8       0x14 ./Drivers/STM32H7xx_HAL_Driver/stm32h7xx_hal_uart.o
                0x000000000800f4b8                HAL_UART_RxCpltCallback
 .text.HAL_UART_RxHalfCpltCallback
                0x000000000800f4cc       0x14 ./Drivers/STM32H7xx_HAL_Driver/stm32h7xx_hal_uart.o
                0x000000000800f4cc                HAL_UART_RxHalfCpltCallback
 .text.HAL_UART_ErrorCallback
                0x000000000800f4e0       0x14 ./Drivers/STM32H7xx_HAL_Driver/stm32h7xx_hal_uart.o
                0x000000000800f4e0                HAL_UART_ErrorCallback
 .text.HAL_UARTEx_RxEventCallback
                0x000000000800f4f4       0x18 ./Drivers/STM32H7xx_HAL_Driver/stm32h7xx_hal_uart.o
                0x000000000800f4f4                HAL_UARTEx_RxEventCallback
 .text.UART_SetConfig
                0x000000000800f50c      0xad0 ./Drivers/STM32H7xx_HAL_Driver/stm32h7xx_hal_uart.o
                0x000000000800f50c                UART_SetConfig
 .text.UART_AdvFeatureConfig
                0x000000000800ffdc      0x144 ./Drivers/STM32H7xx_HAL_Driver/stm32h7xx_hal_uart.o
                0x000000000800ffdc                UART_AdvFeatureConfig
 .text.UART_CheckIdleState
                0x0000000008010120       0x96 ./Drivers/STM32H7xx_HAL_Driver/stm32h7xx_hal_uart.o
                0x0000000008010120                UART_CheckIdleState
 .text.UART_WaitOnFlagUntilTimeout
                0x00000000080101b6      0x190 ./Drivers/STM32H7xx_HAL_Driver/stm32h7xx_hal_uart.o
                0x00000000080101b6                UART_WaitOnFlagUntilTimeout
 *fill*         0x0000000008010346        0x2 
 .text.UART_Start_Receive_DMA
                0x0000000008010348      0x150 ./Drivers/STM32H7xx_HAL_Driver/stm32h7xx_hal_uart.o
                0x0000000008010348                UART_Start_Receive_DMA
 .text.UART_EndTxTransfer
                0x0000000008010498       0x82 ./Drivers/STM32H7xx_HAL_Driver/stm32h7xx_hal_uart.o
 *fill*         0x000000000801051a        0x2 
 .text.UART_EndRxTransfer
                0x000000000801051c       0xcc ./Drivers/STM32H7xx_HAL_Driver/stm32h7xx_hal_uart.o
 .text.UART_DMAReceiveCplt
                0x00000000080105e8      0x122 ./Drivers/STM32H7xx_HAL_Driver/stm32h7xx_hal_uart.o
 .text.UART_DMARxHalfCplt
                0x000000000801070a       0x38 ./Drivers/STM32H7xx_HAL_Driver/stm32h7xx_hal_uart.o
 .text.UART_DMAError
                0x0000000008010742       0x80 ./Drivers/STM32H7xx_HAL_Driver/stm32h7xx_hal_uart.o
 .text.UART_DMAAbortOnError
                0x00000000080107c2       0x2c ./Drivers/STM32H7xx_HAL_Driver/stm32h7xx_hal_uart.o
 .text.UART_EndTransmit_IT
                0x00000000080107ee       0x56 ./Drivers/STM32H7xx_HAL_Driver/stm32h7xx_hal_uart.o
 .text.HAL_UARTEx_WakeupCallback
                0x0000000008010844       0x14 ./Drivers/STM32H7xx_HAL_Driver/stm32h7xx_hal_uart_ex.o
                0x0000000008010844                HAL_UARTEx_WakeupCallback
 .text.HAL_UARTEx_RxFifoFullCallback
                0x0000000008010858       0x14 ./Drivers/STM32H7xx_HAL_Driver/stm32h7xx_hal_uart_ex.o
                0x0000000008010858                HAL_UARTEx_RxFifoFullCallback
 .text.HAL_UARTEx_TxFifoEmptyCallback
                0x000000000801086c       0x14 ./Drivers/STM32H7xx_HAL_Driver/stm32h7xx_hal_uart_ex.o
                0x000000000801086c                HAL_UARTEx_TxFifoEmptyCallback
 .text.HAL_UARTEx_DisableFifoMode
                0x0000000008010880       0x72 ./Drivers/STM32H7xx_HAL_Driver/stm32h7xx_hal_uart_ex.o
                0x0000000008010880                HAL_UARTEx_DisableFifoMode
 .text.HAL_UARTEx_SetTxFifoThreshold
                0x00000000080108f2       0x7c ./Drivers/STM32H7xx_HAL_Driver/stm32h7xx_hal_uart_ex.o
                0x00000000080108f2                HAL_UARTEx_SetTxFifoThreshold
 .text.HAL_UARTEx_SetRxFifoThreshold
                0x000000000801096e       0x7c ./Drivers/STM32H7xx_HAL_Driver/stm32h7xx_hal_uart_ex.o
                0x000000000801096e                HAL_UARTEx_SetRxFifoThreshold
 *fill*         0x00000000080109ea        0x2 
 .text.UARTEx_SetNbDataToProcess
                0x00000000080109ec       0x9c ./Drivers/STM32H7xx_HAL_Driver/stm32h7xx_hal_uart_ex.o
 .text.USB_CoreInit
                0x0000000008010a88       0xdc ./Drivers/STM32H7xx_HAL_Driver/stm32h7xx_ll_usb.o
                0x0000000008010a88                USB_CoreInit
 .text.USB_DisableGlobalInt
                0x0000000008010b64       0x22 ./Drivers/STM32H7xx_HAL_Driver/stm32h7xx_ll_usb.o
                0x0000000008010b64                USB_DisableGlobalInt
 .text.USB_SetCurrentMode
                0x0000000008010b86       0x98 ./Drivers/STM32H7xx_HAL_Driver/stm32h7xx_ll_usb.o
                0x0000000008010b86                USB_SetCurrentMode
 *fill*         0x0000000008010c1e        0x2 
 .text.USB_DevInit
                0x0000000008010c20      0x2bc ./Drivers/STM32H7xx_HAL_Driver/stm32h7xx_ll_usb.o
                0x0000000008010c20                USB_DevInit
 .text.USB_FlushTxFifo
                0x0000000008010edc       0x68 ./Drivers/STM32H7xx_HAL_Driver/stm32h7xx_ll_usb.o
                0x0000000008010edc                USB_FlushTxFifo
 .text.USB_FlushRxFifo
                0x0000000008010f44       0x60 ./Drivers/STM32H7xx_HAL_Driver/stm32h7xx_ll_usb.o
                0x0000000008010f44                USB_FlushRxFifo
 .text.USB_SetDevSpeed
                0x0000000008010fa4       0x32 ./Drivers/STM32H7xx_HAL_Driver/stm32h7xx_ll_usb.o
                0x0000000008010fa4                USB_SetDevSpeed
 .text.USB_DevDisconnect
                0x0000000008010fd6       0x42 ./Drivers/STM32H7xx_HAL_Driver/stm32h7xx_ll_usb.o
                0x0000000008010fd6                USB_DevDisconnect
 .text.USB_GetMode
                0x0000000008011018       0x1c ./Drivers/STM32H7xx_HAL_Driver/stm32h7xx_ll_usb.o
                0x0000000008011018                USB_GetMode
 .text.USB_CoreReset
                0x0000000008011034       0x68 ./Drivers/STM32H7xx_HAL_Driver/stm32h7xx_ll_usb.o
 .text._ZNSaIcEC2Ev
                0x000000000801109c        0x2 /opt/st/stm32cubeide_1.10.1/plugins/com.st.stm32cube.ide.mcu.externaltools.gnu-tools-for-stm32.10.3-2021.10.linux64_1.0.0.202111181127/tools/bin/../lib/gcc/arm-none-eabi/10.3.1/../../../../arm-none-eabi/lib/thumb/v7e-m+dp/hard/libstdc++_nano.a(allocator-inst.o)
                0x000000000801109c                std::allocator<char>::allocator()
                0x000000000801109c                std::allocator<char>::allocator()
 .text._ZNSaIcED2Ev
                0x000000000801109e        0x2 /opt/st/stm32cubeide_1.10.1/plugins/com.st.stm32cube.ide.mcu.externaltools.gnu-tools-for-stm32.10.3-2021.10.linux64_1.0.0.202111181127/tools/bin/../lib/gcc/arm-none-eabi/10.3.1/../../../../arm-none-eabi/lib/thumb/v7e-m+dp/hard/libstdc++_nano.a(allocator-inst.o)
                0x000000000801109e                std::allocator<char>::~allocator()
                0x000000000801109e                std::allocator<char>::~allocator()
 .text._ZNSt11char_traitsIcE4copyEPcPKcj.isra.0
                0x00000000080110a0        0x8 /opt/st/stm32cubeide_1.10.1/plugins/com.st.stm32cube.ide.mcu.externaltools.gnu-tools-for-stm32.10.3-2021.10.linux64_1.0.0.202111181127/tools/bin/../lib/gcc/arm-none-eabi/10.3.1/../../../../arm-none-eabi/lib/thumb/v7e-m+dp/hard/libstdc++_nano.a(string-inst.o)
 .text._ZNSt7__cxx1112basic_stringIcSt11char_traitsIcESaIcEE9_M_createERjj
                0x00000000080110a8       0x44 /opt/st/stm32cubeide_1.10.1/plugins/com.st.stm32cube.ide.mcu.externaltools.gnu-tools-for-stm32.10.3-2021.10.linux64_1.0.0.202111181127/tools/bin/../lib/gcc/arm-none-eabi/10.3.1/../../../../arm-none-eabi/lib/thumb/v7e-m+dp/hard/libstdc++_nano.a(string-inst.o)
                0x00000000080110a8                std::__cxx11::basic_string<char, std::char_traits<char>, std::allocator<char> >::_M_create(unsigned int&, unsigned int)
 .text._ZNSt7__cxx1112basic_stringIcSt11char_traitsIcESaIcEE10_M_disposeEv
                0x00000000080110ec       0x10 /opt/st/stm32cubeide_1.10.1/plugins/com.st.stm32cube.ide.mcu.externaltools.gnu-tools-for-stm32.10.3-2021.10.linux64_1.0.0.202111181127/tools/bin/../lib/gcc/arm-none-eabi/10.3.1/../../../../arm-none-eabi/lib/thumb/v7e-m+dp/hard/libstdc++_nano.a(string-inst.o)
                0x00000000080110ec                std::__cxx11::basic_string<char, std::char_traits<char>, std::allocator<char> >::_M_dispose()
 .text._ZNKSt7__cxx1112basic_stringIcSt11char_traitsIcESaIcEE15_M_check_lengthEjjPKc
                0x00000000080110fc       0x18 /opt/st/stm32cubeide_1.10.1/plugins/com.st.stm32cube.ide.mcu.externaltools.gnu-tools-for-stm32.10.3-2021.10.linux64_1.0.0.202111181127/tools/bin/../lib/gcc/arm-none-eabi/10.3.1/../../../../arm-none-eabi/lib/thumb/v7e-m+dp/hard/libstdc++_nano.a(string-inst.o)
                0x00000000080110fc                std::__cxx11::basic_string<char, std::char_traits<char>, std::allocator<char> >::_M_check_length(unsigned int, unsigned int, char const*) const
 .text._ZNKSt7__cxx1112basic_stringIcSt11char_traitsIcESaIcEE11_M_disjunctEPKc
                0x0000000008011114       0x18 /opt/st/stm32cubeide_1.10.1/plugins/com.st.stm32cube.ide.mcu.externaltools.gnu-tools-for-stm32.10.3-2021.10.linux64_1.0.0.202111181127/tools/bin/../lib/gcc/arm-none-eabi/10.3.1/../../../../arm-none-eabi/lib/thumb/v7e-m+dp/hard/libstdc++_nano.a(string-inst.o)
                0x0000000008011114                std::__cxx11::basic_string<char, std::char_traits<char>, std::allocator<char> >::_M_disjunct(char const*) const
 .text._ZNSt7__cxx1112basic_stringIcSt11char_traitsIcESaIcEE7_S_copyEPcPKcj
                0x000000000801112c       0x18 /opt/st/stm32cubeide_1.10.1/plugins/com.st.stm32cube.ide.mcu.externaltools.gnu-tools-for-stm32.10.3-2021.10.linux64_1.0.0.202111181127/tools/bin/../lib/gcc/arm-none-eabi/10.3.1/../../../../arm-none-eabi/lib/thumb/v7e-m+dp/hard/libstdc++_nano.a(string-inst.o)
                0x000000000801112c                std::__cxx11::basic_string<char, std::char_traits<char>, std::allocator<char> >::_S_copy(char*, char const*, unsigned int)
 .text._ZNSt7__cxx1112basic_stringIcSt11char_traitsIcESaIcEE7_S_moveEPcPKcj
                0x0000000008011144       0x18 /opt/st/stm32cubeide_1.10.1/plugins/com.st.stm32cube.ide.mcu.externaltools.gnu-tools-for-stm32.10.3-2021.10.linux64_1.0.0.202111181127/tools/bin/../lib/gcc/arm-none-eabi/10.3.1/../../../../arm-none-eabi/lib/thumb/v7e-m+dp/hard/libstdc++_nano.a(string-inst.o)
                0x0000000008011144                std::__cxx11::basic_string<char, std::char_traits<char>, std::allocator<char> >::_S_move(char*, char const*, unsigned int)
 .text._ZNSt7__cxx1112basic_stringIcSt11char_traitsIcESaIcEE9_S_assignEPcjc
                0x000000000801115c       0x22 /opt/st/stm32cubeide_1.10.1/plugins/com.st.stm32cube.ide.mcu.externaltools.gnu-tools-for-stm32.10.3-2021.10.linux64_1.0.0.202111181127/tools/bin/../lib/gcc/arm-none-eabi/10.3.1/../../../../arm-none-eabi/lib/thumb/v7e-m+dp/hard/libstdc++_nano.a(string-inst.o)
                0x000000000801115c                std::__cxx11::basic_string<char, std::char_traits<char>, std::allocator<char> >::_S_assign(char*, unsigned int, char)
 .text._ZNSt7__cxx1112basic_stringIcSt11char_traitsIcESaIcEE13_S_copy_charsEPcS5_S5_
                0x000000000801117e        0xa /opt/st/stm32cubeide_1.10.1/plugins/com.st.stm32cube.ide.mcu.externaltools.gnu-tools-for-stm32.10.3-2021.10.linux64_1.0.0.202111181127/tools/bin/../lib/gcc/arm-none-eabi/10.3.1/../../../../arm-none-eabi/lib/thumb/v7e-m+dp/hard/libstdc++_nano.a(string-inst.o)
                0x000000000801117e                std::__cxx11::basic_string<char, std::char_traits<char>, std::allocator<char> >::_S_copy_chars(char*, char*, char*)
 .text._ZNSt7__cxx1112basic_stringIcSt11char_traitsIcESaIcEE13_S_copy_charsEPcPKcS7_
                0x0000000008011188        0xa /opt/st/stm32cubeide_1.10.1/plugins/com.st.stm32cube.ide.mcu.externaltools.gnu-tools-for-stm32.10.3-2021.10.linux64_1.0.0.202111181127/tools/bin/../lib/gcc/arm-none-eabi/10.3.1/../../../../arm-none-eabi/lib/thumb/v7e-m+dp/hard/libstdc++_nano.a(string-inst.o)
                0x0000000008011188                std::__cxx11::basic_string<char, std::char_traits<char>, std::allocator<char> >::_S_copy_chars(char*, char const*, char const*)
 .text._ZNSt7__cxx1112basic_stringIcSt11char_traitsIcESaIcEE9_M_assignERKS4_
                0x0000000008011192       0x4c /opt/st/stm32cubeide_1.10.1/plugins/com.st.stm32cube.ide.mcu.externaltools.gnu-tools-for-stm32.10.3-2021.10.linux64_1.0.0.202111181127/tools/bin/../lib/gcc/arm-none-eabi/10.3.1/../../../../arm-none-eabi/lib/thumb/v7e-m+dp/hard/libstdc++_nano.a(string-inst.o)
                0x0000000008011192                std::__cxx11::basic_string<char, std::char_traits<char>, std::allocator<char> >::_M_assign(std::__cxx11::basic_string<char, std::char_traits<char>, std::allocator<char> > const&)
 .text._ZNSt7__cxx1112basic_stringIcSt11char_traitsIcESaIcEE9_M_mutateEjjPKcj
                0x00000000080111de       0x78 /opt/st/stm32cubeide_1.10.1/plugins/com.st.stm32cube.ide.mcu.externaltools.gnu-tools-for-stm32.10.3-2021.10.linux64_1.0.0.202111181127/tools/bin/../lib/gcc/arm-none-eabi/10.3.1/../../../../arm-none-eabi/lib/thumb/v7e-m+dp/hard/libstdc++_nano.a(string-inst.o)
                0x00000000080111de                std::__cxx11::basic_string<char, std::char_traits<char>, std::allocator<char> >::_M_mutate(unsigned int, unsigned int, char const*, unsigned int)
 .text._ZNSt7__cxx1112basic_stringIcSt11char_traitsIcESaIcEED2Ev
                0x0000000008011256        0xc /opt/st/stm32cubeide_1.10.1/plugins/com.st.stm32cube.ide.mcu.externaltools.gnu-tools-for-stm32.10.3-2021.10.linux64_1.0.0.202111181127/tools/bin/../lib/gcc/arm-none-eabi/10.3.1/../../../../arm-none-eabi/lib/thumb/v7e-m+dp/hard/libstdc++_nano.a(string-inst.o)
                0x0000000008011256                std::__cxx11::basic_string<char, std::char_traits<char>, std::allocator<char> >::~basic_string()
                0x0000000008011256                std::__cxx11::basic_string<char, std::char_traits<char>, std::allocator<char> >::~basic_string()
 .text._ZNSt7__cxx1112basic_stringIcSt11char_traitsIcESaIcEEaSERKS4_
                0x0000000008011262        0xc /opt/st/stm32cubeide_1.10.1/plugins/com.st.stm32cube.ide.mcu.externaltools.gnu-tools-for-stm32.10.3-2021.10.linux64_1.0.0.202111181127/tools/bin/../lib/gcc/arm-none-eabi/10.3.1/../../../../arm-none-eabi/lib/thumb/v7e-m+dp/hard/libstdc++_nano.a(string-inst.o)
                0x0000000008011262                std::__cxx11::basic_string<char, std::char_traits<char>, std::allocator<char> >::operator=(std::__cxx11::basic_string<char, std::char_traits<char>, std::allocator<char> > const&)
 .text._ZNSt7__cxx1112basic_stringIcSt11char_traitsIcESaIcEEaSEOS4_
                0x000000000801126e       0x50 /opt/st/stm32cubeide_1.10.1/plugins/com.st.stm32cube.ide.mcu.externaltools.gnu-tools-for-stm32.10.3-2021.10.linux64_1.0.0.202111181127/tools/bin/../lib/gcc/arm-none-eabi/10.3.1/../../../../arm-none-eabi/lib/thumb/v7e-m+dp/hard/libstdc++_nano.a(string-inst.o)
                0x000000000801126e                std::__cxx11::basic_string<char, std::char_traits<char>, std::allocator<char> >::operator=(std::__cxx11::basic_string<char, std::char_traits<char>, std::allocator<char> >&&)
 .text._ZNKSt7__cxx1112basic_stringIcSt11char_traitsIcESaIcEE6lengthEv
                0x00000000080112be        0x4 /opt/st/stm32cubeide_1.10.1/plugins/com.st.stm32cube.ide.mcu.externaltools.gnu-tools-for-stm32.10.3-2021.10.linux64_1.0.0.202111181127/tools/bin/../lib/gcc/arm-none-eabi/10.3.1/../../../../arm-none-eabi/lib/thumb/v7e-m+dp/hard/libstdc++_nano.a(string-inst.o)
                0x00000000080112be                std::__cxx11::basic_string<char, std::char_traits<char>, std::allocator<char> >::length() const
 .text._ZNSt7__cxx1112basic_stringIcSt11char_traitsIcESaIcEEixEj
                0x00000000080112c2        0x6 /opt/st/stm32cubeide_1.10.1/plugins/com.st.stm32cube.ide.mcu.externaltools.gnu-tools-for-stm32.10.3-2021.10.linux64_1.0.0.202111181127/tools/bin/../lib/gcc/arm-none-eabi/10.3.1/../../../../arm-none-eabi/lib/thumb/v7e-m+dp/hard/libstdc++_nano.a(string-inst.o)
                0x00000000080112c2                std::__cxx11::basic_string<char, std::char_traits<char>, std::allocator<char> >::operator[](unsigned int)
 .text._ZNSt7__cxx1112basic_stringIcSt11char_traitsIcESaIcEE14_M_replace_auxEjjjc
                0x00000000080112c8       0x80 /opt/st/stm32cubeide_1.10.1/plugins/com.st.stm32cube.ide.mcu.externaltools.gnu-tools-for-stm32.10.3-2021.10.linux64_1.0.0.202111181127/tools/bin/../lib/gcc/arm-none-eabi/10.3.1/../../../../arm-none-eabi/lib/thumb/v7e-m+dp/hard/libstdc++_nano.a(string-inst.o)
                0x00000000080112c8                std::__cxx11::basic_string<char, std::char_traits<char>, std::allocator<char> >::_M_replace_aux(unsigned int, unsigned int, unsigned int, char)
 .text._ZNSt7__cxx1112basic_stringIcSt11char_traitsIcESaIcEE6appendEjc
                0x0000000008011348       0x14 /opt/st/stm32cubeide_1.10.1/plugins/com.st.stm32cube.ide.mcu.externaltools.gnu-tools-for-stm32.10.3-2021.10.linux64_1.0.0.202111181127/tools/bin/../lib/gcc/arm-none-eabi/10.3.1/../../../../arm-none-eabi/lib/thumb/v7e-m+dp/hard/libstdc++_nano.a(string-inst.o)
                0x0000000008011348                std::__cxx11::basic_string<char, std::char_traits<char>, std::allocator<char> >::append(unsigned int, char)
 .text._ZNSt7__cxx1112basic_stringIcSt11char_traitsIcESaIcEE10_M_replaceEjjPKcj
                0x000000000801135c       0xfc /opt/st/stm32cubeide_1.10.1/plugins/com.st.stm32cube.ide.mcu.externaltools.gnu-tools-for-stm32.10.3-2021.10.linux64_1.0.0.202111181127/tools/bin/../lib/gcc/arm-none-eabi/10.3.1/../../../../arm-none-eabi/lib/thumb/v7e-m+dp/hard/libstdc++_nano.a(string-inst.o)
                0x000000000801135c                std::__cxx11::basic_string<char, std::char_traits<char>, std::allocator<char> >::_M_replace(unsigned int, unsigned int, char const*, unsigned int)
 .text._ZNSt7__cxx1112basic_stringIcSt11char_traitsIcESaIcEE6assignEPKc
                0x0000000008011458       0x1e /opt/st/stm32cubeide_1.10.1/plugins/com.st.stm32cube.ide.mcu.externaltools.gnu-tools-for-stm32.10.3-2021.10.linux64_1.0.0.202111181127/tools/bin/../lib/gcc/arm-none-eabi/10.3.1/../../../../arm-none-eabi/lib/thumb/v7e-m+dp/hard/libstdc++_nano.a(string-inst.o)
                0x0000000008011458                std::__cxx11::basic_string<char, std::char_traits<char>, std::allocator<char> >::assign(char const*)
 .text._ZNSt7__cxx1112basic_stringIcSt11char_traitsIcESaIcEEaSEPKc
                0x0000000008011476        0x8 /opt/st/stm32cubeide_1.10.1/plugins/com.st.stm32cube.ide.mcu.externaltools.gnu-tools-for-stm32.10.3-2021.10.linux64_1.0.0.202111181127/tools/bin/../lib/gcc/arm-none-eabi/10.3.1/../../../../arm-none-eabi/lib/thumb/v7e-m+dp/hard/libstdc++_nano.a(string-inst.o)
                0x0000000008011476                std::__cxx11::basic_string<char, std::char_traits<char>, std::allocator<char> >::operator=(char const*)
 *fill*         0x000000000801147e        0x2 
 .text._ZNSt7__cxx1112basic_stringIcSt11char_traitsIcESaIcEE12_M_constructIPcEEvT_S7_St20forward_iterator_tag
                0x0000000008011480       0x48 /opt/st/stm32cubeide_1.10.1/plugins/com.st.stm32cube.ide.mcu.externaltools.gnu-tools-for-stm32.10.3-2021.10.linux64_1.0.0.202111181127/tools/bin/../lib/gcc/arm-none-eabi/10.3.1/../../../../arm-none-eabi/lib/thumb/v7e-m+dp/hard/libstdc++_nano.a(string-inst.o)
                0x0000000008011480                void std::__cxx11::basic_string<char, std::char_traits<char>, std::allocator<char> >::_M_construct<char*>(char*, char*, std::forward_iterator_tag)
 .text._ZNSt7__cxx1112basic_stringIcSt11char_traitsIcESaIcEEC2ERKS4_
                0x00000000080114c8       0x1e /opt/st/stm32cubeide_1.10.1/plugins/com.st.stm32cube.ide.mcu.externaltools.gnu-tools-for-stm32.10.3-2021.10.linux64_1.0.0.202111181127/tools/bin/../lib/gcc/arm-none-eabi/10.3.1/../../../../arm-none-eabi/lib/thumb/v7e-m+dp/hard/libstdc++_nano.a(string-inst.o)
                0x00000000080114c8                std::__cxx11::basic_string<char, std::char_traits<char>, std::allocator<char> >::basic_string(std::__cxx11::basic_string<char, std::char_traits<char>, std::allocator<char> > const&)
                0x00000000080114c8                std::__cxx11::basic_string<char, std::char_traits<char>, std::allocator<char> >::basic_string(std::__cxx11::basic_string<char, std::char_traits<char>, std::allocator<char> > const&)
 *fill*         0x00000000080114e6        0x2 
 .text._ZNSt7__cxx1112basic_stringIcSt11char_traitsIcESaIcEE12_M_constructIPKcEEvT_S8_St20forward_iterator_tag
                0x00000000080114e8       0x48 /opt/st/stm32cubeide_1.10.1/plugins/com.st.stm32cube.ide.mcu.externaltools.gnu-tools-for-stm32.10.3-2021.10.linux64_1.0.0.202111181127/tools/bin/../lib/gcc/arm-none-eabi/10.3.1/../../../../arm-none-eabi/lib/thumb/v7e-m+dp/hard/libstdc++_nano.a(string-inst.o)
                0x00000000080114e8                void std::__cxx11::basic_string<char, std::char_traits<char>, std::allocator<char> >::_M_construct<char const*>(char const*, char const*, std::forward_iterator_tag)
 .text._ZNSt7__cxx1112basic_stringIcSt11char_traitsIcESaIcEEC2EPKcRKS3_
                0x0000000008011530       0x2a /opt/st/stm32cubeide_1.10.1/plugins/com.st.stm32cube.ide.mcu.externaltools.gnu-tools-for-stm32.10.3-2021.10.linux64_1.0.0.202111181127/tools/bin/../lib/gcc/arm-none-eabi/10.3.1/../../../../arm-none-eabi/lib/thumb/v7e-m+dp/hard/libstdc++_nano.a(string-inst.o)
                0x0000000008011530                std::__cxx11::basic_string<char, std::char_traits<char>, std::allocator<char> >::basic_string(char const*, std::allocator<char> const&)
                0x0000000008011530                std::__cxx11::basic_string<char, std::char_traits<char>, std::allocator<char> >::basic_string(char const*, std::allocator<char> const&)
 .text._ZdlPv   0x000000000801155a        0x4 /opt/st/stm32cubeide_1.10.1/plugins/com.st.stm32cube.ide.mcu.externaltools.gnu-tools-for-stm32.10.3-2021.10.linux64_1.0.0.202111181127/tools/bin/../lib/gcc/arm-none-eabi/10.3.1/../../../../arm-none-eabi/lib/thumb/v7e-m+dp/hard/libstdc++_nano.a(del_op.o)
                0x000000000801155a                operator delete(void*)
 .text._Znwj    0x000000000801155e       0x22 /opt/st/stm32cubeide_1.10.1/plugins/com.st.stm32cube.ide.mcu.externaltools.gnu-tools-for-stm32.10.3-2021.10.linux64_1.0.0.202111181127/tools/bin/../lib/gcc/arm-none-eabi/10.3.1/../../../../arm-none-eabi/lib/thumb/v7e-m+dp/hard/libstdc++_nano.a(new_op.o)
                0x000000000801155e                operator new(unsigned int)
 .text.unlikely._ZSt17__throw_bad_allocv
                0x0000000008011580        0x6 /opt/st/stm32cubeide_1.10.1/plugins/com.st.stm32cube.ide.mcu.externaltools.gnu-tools-for-stm32.10.3-2021.10.linux64_1.0.0.202111181127/tools/bin/../lib/gcc/arm-none-eabi/10.3.1/../../../../arm-none-eabi/lib/thumb/v7e-m+dp/hard/libstdc++_nano.a(functexcept.o)
                0x0000000008011580                std::__throw_bad_alloc()
 .text.unlikely._ZSt19__throw_logic_errorPKc
                0x0000000008011586        0x6 /opt/st/stm32cubeide_1.10.1/plugins/com.st.stm32cube.ide.mcu.externaltools.gnu-tools-for-stm32.10.3-2021.10.linux64_1.0.0.202111181127/tools/bin/../lib/gcc/arm-none-eabi/10.3.1/../../../../arm-none-eabi/lib/thumb/v7e-m+dp/hard/libstdc++_nano.a(functexcept.o)
                0x0000000008011586                std::__throw_logic_error(char const*)
 .text.unlikely._ZSt20__throw_length_errorPKc
                0x000000000801158c        0x6 /opt/st/stm32cubeide_1.10.1/plugins/com.st.stm32cube.ide.mcu.externaltools.gnu-tools-for-stm32.10.3-2021.10.linux64_1.0.0.202111181127/tools/bin/../lib/gcc/arm-none-eabi/10.3.1/../../../../arm-none-eabi/lib/thumb/v7e-m+dp/hard/libstdc++_nano.a(functexcept.o)
                0x000000000801158c                std::__throw_length_error(char const*)
 *fill*         0x0000000008011592        0x2 
 .text._ZSt15get_new_handlerv
                0x0000000008011594       0x10 /opt/st/stm32cubeide_1.10.1/plugins/com.st.stm32cube.ide.mcu.externaltools.gnu-tools-for-stm32.10.3-2021.10.linux64_1.0.0.202111181127/tools/bin/../lib/gcc/arm-none-eabi/10.3.1/../../../../arm-none-eabi/lib/thumb/v7e-m+dp/hard/libstdc++_nano.a(new_handler.o)
                0x0000000008011594                std::get_new_handler()
 *fill*         0x00000000080115a4        0x4 
 .text.ceil     0x00000000080115a8       0xf0 /opt/st/stm32cubeide_1.10.1/plugins/com.st.stm32cube.ide.mcu.externaltools.gnu-tools-for-stm32.10.3-2021.10.linux64_1.0.0.202111181127/tools/bin/../lib/gcc/arm-none-eabi/10.3.1/../../../../arm-none-eabi/lib/thumb/v7e-m+dp/hard/libm.a(lib_a-s_ceil.o)
                0x00000000080115a8                ceil
 .text.abort    0x0000000008011698        0xe /opt/st/stm32cubeide_1.10.1/plugins/com.st.stm32cube.ide.mcu.externaltools.gnu-tools-for-stm32.10.3-2021.10.linux64_1.0.0.202111181127/tools/bin/../lib/gcc/arm-none-eabi/10.3.1/../../../../arm-none-eabi/lib/thumb/v7e-m+dp/hard/libc_nano.a(lib_a-abort.o)
                0x0000000008011698                abort
 *fill*         0x00000000080116a6        0x2 
 .text.__errno  0x00000000080116a8        0xc /opt/st/stm32cubeide_1.10.1/plugins/com.st.stm32cube.ide.mcu.externaltools.gnu-tools-for-stm32.10.3-2021.10.linux64_1.0.0.202111181127/tools/bin/../lib/gcc/arm-none-eabi/10.3.1/../../../../arm-none-eabi/lib/thumb/v7e-m+dp/hard/libc_nano.a(lib_a-errno.o)
                0x00000000080116a8                __errno
 .text.__libc_init_array
                0x00000000080116b4       0x48 /opt/st/stm32cubeide_1.10.1/plugins/com.st.stm32cube.ide.mcu.externaltools.gnu-tools-for-stm32.10.3-2021.10.linux64_1.0.0.202111181127/tools/bin/../lib/gcc/arm-none-eabi/10.3.1/../../../../arm-none-eabi/lib/thumb/v7e-m+dp/hard/libc_nano.a(lib_a-init.o)
                0x00000000080116b4                __libc_init_array
 .text.malloc   0x00000000080116fc       0x10 /opt/st/stm32cubeide_1.10.1/plugins/com.st.stm32cube.ide.mcu.externaltools.gnu-tools-for-stm32.10.3-2021.10.linux64_1.0.0.202111181127/tools/bin/../lib/gcc/arm-none-eabi/10.3.1/../../../../arm-none-eabi/lib/thumb/v7e-m+dp/hard/libc_nano.a(lib_a-malloc.o)
                0x00000000080116fc                malloc
 .text.free     0x000000000801170c       0x10 /opt/st/stm32cubeide_1.10.1/plugins/com.st.stm32cube.ide.mcu.externaltools.gnu-tools-for-stm32.10.3-2021.10.linux64_1.0.0.202111181127/tools/bin/../lib/gcc/arm-none-eabi/10.3.1/../../../../arm-none-eabi/lib/thumb/v7e-m+dp/hard/libc_nano.a(lib_a-malloc.o)
                0x000000000801170c                free
 .text.memcpy   0x000000000801171c       0x1c /opt/st/stm32cubeide_1.10.1/plugins/com.st.stm32cube.ide.mcu.externaltools.gnu-tools-for-stm32.10.3-2021.10.linux64_1.0.0.202111181127/tools/bin/../lib/gcc/arm-none-eabi/10.3.1/../../../../arm-none-eabi/lib/thumb/v7e-m+dp/hard/libc_nano.a(lib_a-memcpy-stub.o)
                0x000000000801171c                memcpy
 .text.memmove  0x0000000008011738       0x34 /opt/st/stm32cubeide_1.10.1/plugins/com.st.stm32cube.ide.mcu.externaltools.gnu-tools-for-stm32.10.3-2021.10.linux64_1.0.0.202111181127/tools/bin/../lib/gcc/arm-none-eabi/10.3.1/../../../../arm-none-eabi/lib/thumb/v7e-m+dp/hard/libc_nano.a(lib_a-memmove.o)
                0x0000000008011738                memmove
 .text.memset   0x000000000801176c       0x10 /opt/st/stm32cubeide_1.10.1/plugins/com.st.stm32cube.ide.mcu.externaltools.gnu-tools-for-stm32.10.3-2021.10.linux64_1.0.0.202111181127/tools/bin/../lib/gcc/arm-none-eabi/10.3.1/../../../../arm-none-eabi/lib/thumb/v7e-m+dp/hard/libc_nano.a(lib_a-memset.o)
                0x000000000801176c                memset
 .text._free_r  0x000000000801177c       0x98 /opt/st/stm32cubeide_1.10.1/plugins/com.st.stm32cube.ide.mcu.externaltools.gnu-tools-for-stm32.10.3-2021.10.linux64_1.0.0.202111181127/tools/bin/../lib/gcc/arm-none-eabi/10.3.1/../../../../arm-none-eabi/lib/thumb/v7e-m+dp/hard/libc_nano.a(lib_a-nano-freer.o)
                0x000000000801177c                _free_r
 .text.sbrk_aligned
                0x0000000008011814       0x40 /opt/st/stm32cubeide_1.10.1/plugins/com.st.stm32cube.ide.mcu.externaltools.gnu-tools-for-stm32.10.3-2021.10.linux64_1.0.0.202111181127/tools/bin/../lib/gcc/arm-none-eabi/10.3.1/../../../../arm-none-eabi/lib/thumb/v7e-m+dp/hard/libc_nano.a(lib_a-nano-mallocr.o)
 .text._malloc_r
                0x0000000008011854       0xe8 /opt/st/stm32cubeide_1.10.1/plugins/com.st.stm32cube.ide.mcu.externaltools.gnu-tools-for-stm32.10.3-2021.10.linux64_1.0.0.202111181127/tools/bin/../lib/gcc/arm-none-eabi/10.3.1/../../../../arm-none-eabi/lib/thumb/v7e-m+dp/hard/libc_nano.a(lib_a-nano-mallocr.o)
                0x0000000008011854                _malloc_r
 .text.printf   0x000000000801193c       0x30 /opt/st/stm32cubeide_1.10.1/plugins/com.st.stm32cube.ide.mcu.externaltools.gnu-tools-for-stm32.10.3-2021.10.linux64_1.0.0.202111181127/tools/bin/../lib/gcc/arm-none-eabi/10.3.1/../../../../arm-none-eabi/lib/thumb/v7e-m+dp/hard/libc_nano.a(lib_a-printf.o)
                0x000000000801193c                printf
                0x000000000801193c                iprintf
 .text._puts_r  0x000000000801196c       0xdc /opt/st/stm32cubeide_1.10.1/plugins/com.st.stm32cube.ide.mcu.externaltools.gnu-tools-for-stm32.10.3-2021.10.linux64_1.0.0.202111181127/tools/bin/../lib/gcc/arm-none-eabi/10.3.1/../../../../arm-none-eabi/lib/thumb/v7e-m+dp/hard/libc_nano.a(lib_a-puts.o)
                0x000000000801196c                _puts_r
 .text.puts     0x0000000008011a48       0x10 /opt/st/stm32cubeide_1.10.1/plugins/com.st.stm32cube.ide.mcu.externaltools.gnu-tools-for-stm32.10.3-2021.10.linux64_1.0.0.202111181127/tools/bin/../lib/gcc/arm-none-eabi/10.3.1/../../../../arm-none-eabi/lib/thumb/v7e-m+dp/hard/libc_nano.a(lib_a-puts.o)
                0x0000000008011a48                puts
 .text._sbrk_r  0x0000000008011a58       0x20 /opt/st/stm32cubeide_1.10.1/plugins/com.st.stm32cube.ide.mcu.externaltools.gnu-tools-for-stm32.10.3-2021.10.linux64_1.0.0.202111181127/tools/bin/../lib/gcc/arm-none-eabi/10.3.1/../../../../arm-none-eabi/lib/thumb/v7e-m+dp/hard/libc_nano.a(lib_a-sbrkr.o)
                0x0000000008011a58                _sbrk_r
 .text._raise_r
                0x0000000008011a78       0x50 /opt/st/stm32cubeide_1.10.1/plugins/com.st.stm32cube.ide.mcu.externaltools.gnu-tools-for-stm32.10.3-2021.10.linux64_1.0.0.202111181127/tools/bin/../lib/gcc/arm-none-eabi/10.3.1/../../../../arm-none-eabi/lib/thumb/v7e-m+dp/hard/libc_nano.a(lib_a-signal.o)
                0x0000000008011a78                _raise_r
 .text.raise    0x0000000008011ac8       0x10 /opt/st/stm32cubeide_1.10.1/plugins/com.st.stm32cube.ide.mcu.externaltools.gnu-tools-for-stm32.10.3-2021.10.linux64_1.0.0.202111181127/tools/bin/../lib/gcc/arm-none-eabi/10.3.1/../../../../arm-none-eabi/lib/thumb/v7e-m+dp/hard/libc_nano.a(lib_a-signal.o)
                0x0000000008011ac8                raise
 .text._kill_r  0x0000000008011ad8       0x24 /opt/st/stm32cubeide_1.10.1/plugins/com.st.stm32cube.ide.mcu.externaltools.gnu-tools-for-stm32.10.3-2021.10.linux64_1.0.0.202111181127/tools/bin/../lib/gcc/arm-none-eabi/10.3.1/../../../../arm-none-eabi/lib/thumb/v7e-m+dp/hard/libc_nano.a(lib_a-signalr.o)
                0x0000000008011ad8                _kill_r
 .text._getpid_r
                0x0000000008011afc        0x4 /opt/st/stm32cubeide_1.10.1/plugins/com.st.stm32cube.ide.mcu.externaltools.gnu-tools-for-stm32.10.3-2021.10.linux64_1.0.0.202111181127/tools/bin/../lib/gcc/arm-none-eabi/10.3.1/../../../../arm-none-eabi/lib/thumb/v7e-m+dp/hard/libc_nano.a(lib_a-signalr.o)
                0x0000000008011afc                _getpid_r
 .text.__swbuf_r
                0x0000000008011b00       0xa4 /opt/st/stm32cubeide_1.10.1/plugins/com.st.stm32cube.ide.mcu.externaltools.gnu-tools-for-stm32.10.3-2021.10.linux64_1.0.0.202111181127/tools/bin/../lib/gcc/arm-none-eabi/10.3.1/../../../../arm-none-eabi/lib/thumb/v7e-m+dp/hard/libc_nano.a(lib_a-wbuf.o)
                0x0000000008011b00                __swbuf_r
 .text.__swsetup_r
                0x0000000008011ba4       0xdc /opt/st/stm32cubeide_1.10.1/plugins/com.st.stm32cube.ide.mcu.externaltools.gnu-tools-for-stm32.10.3-2021.10.linux64_1.0.0.202111181127/tools/bin/../lib/gcc/arm-none-eabi/10.3.1/../../../../arm-none-eabi/lib/thumb/v7e-m+dp/hard/libc_nano.a(lib_a-wsetup.o)
                0x0000000008011ba4                __swsetup_r
 .text.__sflush_r
                0x0000000008011c80      0x10c /opt/st/stm32cubeide_1.10.1/plugins/com.st.stm32cube.ide.mcu.externaltools.gnu-tools-for-stm32.10.3-2021.10.linux64_1.0.0.202111181127/tools/bin/../lib/gcc/arm-none-eabi/10.3.1/../../../../arm-none-eabi/lib/thumb/v7e-m+dp/hard/libc_nano.a(lib_a-fflush.o)
                0x0000000008011c80                __sflush_r
 .text._fflush_r
                0x0000000008011d8c       0x78 /opt/st/stm32cubeide_1.10.1/plugins/com.st.stm32cube.ide.mcu.externaltools.gnu-tools-for-stm32.10.3-2021.10.linux64_1.0.0.202111181127/tools/bin/../lib/gcc/arm-none-eabi/10.3.1/../../../../arm-none-eabi/lib/thumb/v7e-m+dp/hard/libc_nano.a(lib_a-fflush.o)
                0x0000000008011d8c                _fflush_r
 .text.std      0x0000000008011e04       0x48 /opt/st/stm32cubeide_1.10.1/plugins/com.st.stm32cube.ide.mcu.externaltools.gnu-tools-for-stm32.10.3-2021.10.linux64_1.0.0.202111181127/tools/bin/../lib/gcc/arm-none-eabi/10.3.1/../../../../arm-none-eabi/lib/thumb/v7e-m+dp/hard/libc_nano.a(lib_a-findfp.o)
 .text._cleanup_r
                0x0000000008011e4c        0xc /opt/st/stm32cubeide_1.10.1/plugins/com.st.stm32cube.ide.mcu.externaltools.gnu-tools-for-stm32.10.3-2021.10.linux64_1.0.0.202111181127/tools/bin/../lib/gcc/arm-none-eabi/10.3.1/../../../../arm-none-eabi/lib/thumb/v7e-m+dp/hard/libc_nano.a(lib_a-findfp.o)
                0x0000000008011e4c                _cleanup_r
 .text.__sfmoreglue
                0x0000000008011e58       0x2c /opt/st/stm32cubeide_1.10.1/plugins/com.st.stm32cube.ide.mcu.externaltools.gnu-tools-for-stm32.10.3-2021.10.linux64_1.0.0.202111181127/tools/bin/../lib/gcc/arm-none-eabi/10.3.1/../../../../arm-none-eabi/lib/thumb/v7e-m+dp/hard/libc_nano.a(lib_a-findfp.o)
                0x0000000008011e58                __sfmoreglue
 .text.__sfp_lock_acquire
                0x0000000008011e84        0xc /opt/st/stm32cubeide_1.10.1/plugins/com.st.stm32cube.ide.mcu.externaltools.gnu-tools-for-stm32.10.3-2021.10.linux64_1.0.0.202111181127/tools/bin/../lib/gcc/arm-none-eabi/10.3.1/../../../../arm-none-eabi/lib/thumb/v7e-m+dp/hard/libc_nano.a(lib_a-findfp.o)
                0x0000000008011e84                __sfp_lock_acquire
 .text.__sfp_lock_release
                0x0000000008011e90        0xc /opt/st/stm32cubeide_1.10.1/plugins/com.st.stm32cube.ide.mcu.externaltools.gnu-tools-for-stm32.10.3-2021.10.linux64_1.0.0.202111181127/tools/bin/../lib/gcc/arm-none-eabi/10.3.1/../../../../arm-none-eabi/lib/thumb/v7e-m+dp/hard/libc_nano.a(lib_a-findfp.o)
                0x0000000008011e90                __sfp_lock_release
 .text.__sinit_lock_acquire
                0x0000000008011e9c        0xc /opt/st/stm32cubeide_1.10.1/plugins/com.st.stm32cube.ide.mcu.externaltools.gnu-tools-for-stm32.10.3-2021.10.linux64_1.0.0.202111181127/tools/bin/../lib/gcc/arm-none-eabi/10.3.1/../../../../arm-none-eabi/lib/thumb/v7e-m+dp/hard/libc_nano.a(lib_a-findfp.o)
                0x0000000008011e9c                __sinit_lock_acquire
 .text.__sinit_lock_release
                0x0000000008011ea8        0xc /opt/st/stm32cubeide_1.10.1/plugins/com.st.stm32cube.ide.mcu.externaltools.gnu-tools-for-stm32.10.3-2021.10.linux64_1.0.0.202111181127/tools/bin/../lib/gcc/arm-none-eabi/10.3.1/../../../../arm-none-eabi/lib/thumb/v7e-m+dp/hard/libc_nano.a(lib_a-findfp.o)
                0x0000000008011ea8                __sinit_lock_release
 .text.__sinit  0x0000000008011eb4       0x70 /opt/st/stm32cubeide_1.10.1/plugins/com.st.stm32cube.ide.mcu.externaltools.gnu-tools-for-stm32.10.3-2021.10.linux64_1.0.0.202111181127/tools/bin/../lib/gcc/arm-none-eabi/10.3.1/../../../../arm-none-eabi/lib/thumb/v7e-m+dp/hard/libc_nano.a(lib_a-findfp.o)
                0x0000000008011eb4                __sinit
 .text.__sfp    0x0000000008011f24       0x8c /opt/st/stm32cubeide_1.10.1/plugins/com.st.stm32cube.ide.mcu.externaltools.gnu-tools-for-stm32.10.3-2021.10.linux64_1.0.0.202111181127/tools/bin/../lib/gcc/arm-none-eabi/10.3.1/../../../../arm-none-eabi/lib/thumb/v7e-m+dp/hard/libc_nano.a(lib_a-findfp.o)
                0x0000000008011f24                __sfp
 .text._fwalk_reent
                0x0000000008011fb0       0x3e /opt/st/stm32cubeide_1.10.1/plugins/com.st.stm32cube.ide.mcu.externaltools.gnu-tools-for-stm32.10.3-2021.10.linux64_1.0.0.202111181127/tools/bin/../lib/gcc/arm-none-eabi/10.3.1/../../../../arm-none-eabi/lib/thumb/v7e-m+dp/hard/libc_nano.a(lib_a-fwalk.o)
                0x0000000008011fb0                _fwalk_reent
 .text.__retarget_lock_init_recursive
                0x0000000008011fee        0x2 /opt/st/stm32cubeide_1.10.1/plugins/com.st.stm32cube.ide.mcu.externaltools.gnu-tools-for-stm32.10.3-2021.10.linux64_1.0.0.202111181127/tools/bin/../lib/gcc/arm-none-eabi/10.3.1/../../../../arm-none-eabi/lib/thumb/v7e-m+dp/hard/libc_nano.a(lib_a-lock.o)
                0x0000000008011fee                __retarget_lock_init_recursive
 .text.__retarget_lock_acquire_recursive
                0x0000000008011ff0        0x2 /opt/st/stm32cubeide_1.10.1/plugins/com.st.stm32cube.ide.mcu.externaltools.gnu-tools-for-stm32.10.3-2021.10.linux64_1.0.0.202111181127/tools/bin/../lib/gcc/arm-none-eabi/10.3.1/../../../../arm-none-eabi/lib/thumb/v7e-m+dp/hard/libc_nano.a(lib_a-lock.o)
                0x0000000008011ff0                __retarget_lock_acquire_recursive
 .text.__retarget_lock_release_recursive
                0x0000000008011ff2        0x2 /opt/st/stm32cubeide_1.10.1/plugins/com.st.stm32cube.ide.mcu.externaltools.gnu-tools-for-stm32.10.3-2021.10.linux64_1.0.0.202111181127/tools/bin/../lib/gcc/arm-none-eabi/10.3.1/../../../../arm-none-eabi/lib/thumb/v7e-m+dp/hard/libc_nano.a(lib_a-lock.o)
                0x0000000008011ff2                __retarget_lock_release_recursive
 .text.__swhatbuf_r
                0x0000000008011ff4       0x4a /opt/st/stm32cubeide_1.10.1/plugins/com.st.stm32cube.ide.mcu.externaltools.gnu-tools-for-stm32.10.3-2021.10.linux64_1.0.0.202111181127/tools/bin/../lib/gcc/arm-none-eabi/10.3.1/../../../../arm-none-eabi/lib/thumb/v7e-m+dp/hard/libc_nano.a(lib_a-makebuf.o)
                0x0000000008011ff4                __swhatbuf_r
 *fill*         0x000000000801203e        0x2 
 .text.__smakebuf_r
                0x0000000008012040       0x80 /opt/st/stm32cubeide_1.10.1/plugins/com.st.stm32cube.ide.mcu.externaltools.gnu-tools-for-stm32.10.3-2021.10.linux64_1.0.0.202111181127/tools/bin/../lib/gcc/arm-none-eabi/10.3.1/../../../../arm-none-eabi/lib/thumb/v7e-m+dp/hard/libc_nano.a(lib_a-makebuf.o)
                0x0000000008012040                __smakebuf_r
 .text.__malloc_lock
                0x00000000080120c0        0xc /opt/st/stm32cubeide_1.10.1/plugins/com.st.stm32cube.ide.mcu.externaltools.gnu-tools-for-stm32.10.3-2021.10.linux64_1.0.0.202111181127/tools/bin/../lib/gcc/arm-none-eabi/10.3.1/../../../../arm-none-eabi/lib/thumb/v7e-m+dp/hard/libc_nano.a(lib_a-mlock.o)
                0x00000000080120c0                __malloc_lock
 .text.__malloc_unlock
                0x00000000080120cc        0xc /opt/st/stm32cubeide_1.10.1/plugins/com.st.stm32cube.ide.mcu.externaltools.gnu-tools-for-stm32.10.3-2021.10.linux64_1.0.0.202111181127/tools/bin/../lib/gcc/arm-none-eabi/10.3.1/../../../../arm-none-eabi/lib/thumb/v7e-m+dp/hard/libc_nano.a(lib_a-mlock.o)
                0x00000000080120cc                __malloc_unlock
 .text.__sfputc_r
                0x00000000080120d8       0x2e /opt/st/stm32cubeide_1.10.1/plugins/com.st.stm32cube.ide.mcu.externaltools.gnu-tools-for-stm32.10.3-2021.10.linux64_1.0.0.202111181127/tools/bin/../lib/gcc/arm-none-eabi/10.3.1/../../../../arm-none-eabi/lib/thumb/v7e-m+dp/hard/libc_nano.a(lib_a-nano-vfprintf.o)
 .text.__sfputs_r