../Core/Inc/bno055_stm32.h:21:6:void bno055_assignI2C(I2C_HandleTypeDef*)	16	static
../Core/Inc/bno055_stm32.h:25:6:void bno055_delay(int)	16	static
../Core/Inc/bno055_stm32.h:33:6:void bno055_writeData(uint8_t, uint8_t)	40	static
../Core/Inc/bno055_stm32.h:97:6:void bno055_readData(uint8_t, uint8_t*, uint8_t)	24	static
/opt/st/stm32cubeide_1.10.1/plugins/com.st.stm32cube.ide.mcu.externaltools.gnu-tools-for-stm32.10.3-2021.10.linux64_1.0.0.202111181127/tools/arm-none-eabi/include/c++/10.3.1/arm-none-eabi/thumb/v7e-m+dp/hard/bits/gthr-default.h:229:1:int __gthread_key_delete(__gthread_key_t)	16	static
../Core/Src/main.cpp:137:1:int __io_putchar(int)	16	static
../Core/Src/main.cpp:153:5:int main()	144	static
../Core/Src/main.cpp:332:6:void SystemClock_Config()	120	static
../Core/Src/main.cpp:392:10:uint64_t Micros()	12	static
../Core/Src/main.cpp:396:7:float mean(float*, int)	24	static
../Core/Src/main.cpp:404:7:float covariance(float*, float*, int)	40	static
../Core/Src/main.cpp:414:6:void HAL_TIM_PeriodElapsedCallback(TIM_HandleTypeDef*)	24	static
../Core/Src/main.cpp:428:6:void Error_Handler()	4	static,ignoring_inline_asm
../Core/Inc/Xicro_sub_N_pub_ID_3.h:35:15:Xicro::<unnamed struct>::<unnamed struct>::~<constructor>()	16	static
../Core/Inc/Xicro_sub_N_pub_ID_3.h:29:15:Xicro::<unnamed struct>::~<constructor>()	16	static
../Core/Inc/Xicro_sub_N_pub_ID_3.h:134:15:Xicro::<unnamed struct>::<unnamed struct>::~<constructor>()	16	static
../Core/Inc/Xicro_sub_N_pub_ID_3.h:128:15:Xicro::<unnamed struct>::~<constructor>()	16	static
../Core/Inc/Xicro_sub_N_pub_ID_3.h:14:7:Xicro::~Xicro()	16	static
../Core/Src/main.cpp:437:1:void __static_initialization_and_destruction_0(int, int)	16	static
../Core/Src/main.cpp:437:1:cpp)	8	static
../Core/Src/main.cpp:437:1:cpp)	8	static
